Archive member included to satisfy reference by file (symbol)

C:/PROGRA~2/ARMGNU~1/133167~1.3RE/bin/../lib/gcc/arm-none-eabi/13.3.1/thumb/v7e-m+dp/hard\libc.a(libc_a-exit.o)
                              C:/PROGRA~2/ARMGNU~1/133167~1.3RE/bin/../lib/gcc/arm-none-eabi/13.3.1/thumb/v7e-m+dp/hard/crt0.o (exit)
C:/PROGRA~2/ARMGNU~1/133167~1.3RE/bin/../lib/gcc/arm-none-eabi/13.3.1/thumb/v7e-m+dp/hard\libc.a(libc_a-findfp.o)
                              C:/PROGRA~2/ARMGNU~1/133167~1.3RE/bin/../lib/gcc/arm-none-eabi/13.3.1/thumb/v7e-m+dp/hard\libc.a(libc_a-exit.o) (__stdio_exit_handler)
C:/PROGRA~2/ARMGNU~1/133167~1.3RE/bin/../lib/gcc/arm-none-eabi/13.3.1/thumb/v7e-m+dp/hard\libc.a(libc_a-fwalk.o)
                              C:/PROGRA~2/ARMGNU~1/133167~1.3RE/bin/../lib/gcc/arm-none-eabi/13.3.1/thumb/v7e-m+dp/hard\libc.a(libc_a-findfp.o) (_fwalk_sglue)
C:/PROGRA~2/ARMGNU~1/133167~1.3RE/bin/../lib/gcc/arm-none-eabi/13.3.1/thumb/v7e-m+dp/hard\libc.a(libc_a-stdio.o)
                              C:/PROGRA~2/ARMGNU~1/133167~1.3RE/bin/../lib/gcc/arm-none-eabi/13.3.1/thumb/v7e-m+dp/hard\libc.a(libc_a-findfp.o) (__sread)
C:/PROGRA~2/ARMGNU~1/133167~1.3RE/bin/../lib/gcc/arm-none-eabi/13.3.1/thumb/v7e-m+dp/hard\libc.a(libc_a-memset.o)
                              C:/PROGRA~2/ARMGNU~1/133167~1.3RE/bin/../lib/gcc/arm-none-eabi/13.3.1/thumb/v7e-m+dp/hard/crt0.o (memset)
C:/PROGRA~2/ARMGNU~1/133167~1.3RE/bin/../lib/gcc/arm-none-eabi/13.3.1/thumb/v7e-m+dp/hard\libc.a(libc_a-closer.o)
                              C:/PROGRA~2/ARMGNU~1/133167~1.3RE/bin/../lib/gcc/arm-none-eabi/13.3.1/thumb/v7e-m+dp/hard\libc.a(libc_a-stdio.o) (_close_r)
C:/PROGRA~2/ARMGNU~1/133167~1.3RE/bin/../lib/gcc/arm-none-eabi/13.3.1/thumb/v7e-m+dp/hard\libc.a(libc_a-reent.o)
                              C:/PROGRA~2/ARMGNU~1/133167~1.3RE/bin/../lib/gcc/arm-none-eabi/13.3.1/thumb/v7e-m+dp/hard\libc.a(libc_a-closer.o) (errno)
C:/PROGRA~2/ARMGNU~1/133167~1.3RE/bin/../lib/gcc/arm-none-eabi/13.3.1/thumb/v7e-m+dp/hard\libc.a(libc_a-impure.o)
                              C:/PROGRA~2/ARMGNU~1/133167~1.3RE/bin/../lib/gcc/arm-none-eabi/13.3.1/thumb/v7e-m+dp/hard\libc.a(libc_a-reent.o) (_impure_ptr)
C:/PROGRA~2/ARMGNU~1/133167~1.3RE/bin/../lib/gcc/arm-none-eabi/13.3.1/thumb/v7e-m+dp/hard\libc.a(libc_a-lseekr.o)
                              C:/PROGRA~2/ARMGNU~1/133167~1.3RE/bin/../lib/gcc/arm-none-eabi/13.3.1/thumb/v7e-m+dp/hard\libc.a(libc_a-stdio.o) (_lseek_r)
C:/PROGRA~2/ARMGNU~1/133167~1.3RE/bin/../lib/gcc/arm-none-eabi/13.3.1/thumb/v7e-m+dp/hard\libc.a(libc_a-readr.o)
                              C:/PROGRA~2/ARMGNU~1/133167~1.3RE/bin/../lib/gcc/arm-none-eabi/13.3.1/thumb/v7e-m+dp/hard\libc.a(libc_a-stdio.o) (_read_r)
C:/PROGRA~2/ARMGNU~1/133167~1.3RE/bin/../lib/gcc/arm-none-eabi/13.3.1/thumb/v7e-m+dp/hard\libc.a(libc_a-writer.o)
                              C:/PROGRA~2/ARMGNU~1/133167~1.3RE/bin/../lib/gcc/arm-none-eabi/13.3.1/thumb/v7e-m+dp/hard\libc.a(libc_a-stdio.o) (_write_r)
C:/PROGRA~2/ARMGNU~1/133167~1.3RE/bin/../lib/gcc/arm-none-eabi/13.3.1/thumb/v7e-m+dp/hard\libc.a(libc_a-init.o)
                              C:/PROGRA~2/ARMGNU~1/133167~1.3RE/bin/../lib/gcc/arm-none-eabi/13.3.1/thumb/v7e-m+dp/hard/crt0.o (__libc_init_array)
C:/PROGRA~2/ARMGNU~1/133167~1.3RE/bin/../lib/gcc/arm-none-eabi/13.3.1/thumb/v7e-m+dp/hard\libc.a(libc_a-lock.o)
                              C:/PROGRA~2/ARMGNU~1/133167~1.3RE/bin/../lib/gcc/arm-none-eabi/13.3.1/thumb/v7e-m+dp/hard\libc.a(libc_a-findfp.o) (__retarget_lock_init_recursive)
C:/PROGRA~2/ARMGNU~1/133167~1.3RE/bin/../lib/gcc/arm-none-eabi/13.3.1/thumb/v7e-m+dp/hard\libc.a(libc_a-__call_atexit.o)
                              C:/PROGRA~2/ARMGNU~1/133167~1.3RE/bin/../lib/gcc/arm-none-eabi/13.3.1/thumb/v7e-m+dp/hard\libc.a(libc_a-exit.o) (__call_exitprocs)
C:/PROGRA~2/ARMGNU~1/133167~1.3RE/bin/../lib/gcc/arm-none-eabi/13.3.1/thumb/v7e-m+dp/hard\libc.a(libc_a-atexit.o)
                              C:/PROGRA~2/ARMGNU~1/133167~1.3RE/bin/../lib/gcc/arm-none-eabi/13.3.1/thumb/v7e-m+dp/hard\libc.a(libc_a-__call_atexit.o) (atexit)
C:/PROGRA~2/ARMGNU~1/133167~1.3RE/bin/../lib/gcc/arm-none-eabi/13.3.1/thumb/v7e-m+dp/hard\libc.a(libc_a-freer.o)
                              C:/PROGRA~2/ARMGNU~1/133167~1.3RE/bin/../lib/gcc/arm-none-eabi/13.3.1/thumb/v7e-m+dp/hard\libc.a(libc_a-reent.o) (_free_r)
C:/PROGRA~2/ARMGNU~1/133167~1.3RE/bin/../lib/gcc/arm-none-eabi/13.3.1/thumb/v7e-m+dp/hard\libc.a(libc_a-mallocr.o)
                              C:/PROGRA~2/ARMGNU~1/133167~1.3RE/bin/../lib/gcc/arm-none-eabi/13.3.1/thumb/v7e-m+dp/hard\libc.a(libc_a-findfp.o) (_malloc_r)
C:/PROGRA~2/ARMGNU~1/133167~1.3RE/bin/../lib/gcc/arm-none-eabi/13.3.1/thumb/v7e-m+dp/hard\libc.a(libc_a-mlock.o)
                              C:/PROGRA~2/ARMGNU~1/133167~1.3RE/bin/../lib/gcc/arm-none-eabi/13.3.1/thumb/v7e-m+dp/hard\libc.a(libc_a-freer.o) (__malloc_lock)
[...]
Memory Configuration

Name             Origin             Length             Attributes
DTCMRAM          0x20000000         0x00020000         xrw
RAM              0x24000000         0x00020000         xrw
RAM_D2           0x30000000         0x00008000         xrw
RAM_D3           0x38000000         0x00004000         xrw
ITCMRAM          0x00000000         0x00010000         xrw
FLASH            0x08000000         0x00100000         xr
*default*        0x00000000         0xffffffff

Linker script and memory map

LOAD C:/PROGRA~2/ARMGNU~1/133167~1.3RE/bin/../lib/gcc/arm-none-eabi/13.3.1/thumb/v7e-m+dp/hard/crti.o
LOAD C:/PROGRA~2/ARMGNU~1/133167~1.3RE/bin/../lib/gcc/arm-none-eabi/13.3.1/thumb/v7e-m+dp/hard/crtbegin.o
LOAD C:/PROGRA~2/ARMGNU~1/133167~1.3RE/bin/../lib/gcc/arm-none-eabi/13.3.1/thumb/v7e-m+dp/hard/crt0.o
LOAD C:/PROGRA~2/ARMGNU~1/133167~1.3RE/bin/../lib/gcc/arm-none-eabi/13.3.1/thumb/v7e-m+dp/hard\libc.a
LOAD C:/PROGRA~2/ARMGNU~1/133167~1.3RE/bin/../lib/gcc/arm-none-eabi/13.3.1/thumb/v7e-m+dp/hard\libm.a
LOAD CMakeFiles/CBS.elf.dir/main.c.obj
LOAD h723_core\libh723_corelib.a
LOAD bsp\libbsplib.a
LOAD project\libprojectlib.a
LOAD bsp\libbsplib.a
LOAD h723_core\libh723_corelib.a
START GROUP
LOAD C:/PROGRA~2/ARMGNU~1/133167~1.3RE/bin/../lib/gcc/arm-none-eabi/13.3.1/thumb/v7e-m+dp/hard\libgcc.a
LOAD C:/PROGRA~2/ARMGNU~1/133167~1.3RE/bin/../lib/gcc/arm-none-eabi/13.3.1/thumb/v7e-m+dp/hard\libg.a
LOAD C:/PROGRA~2/ARMGNU~1/133167~1.3RE/bin/../lib/gcc/arm-none-eabi/13.3.1/thumb/v7e-m+dp/hard\libc.a
END GROUP
START GROUP
LOAD C:/PROGRA~2/ARMGNU~1/133167~1.3RE/bin/../lib/gcc/arm-none-eabi/13.3.1/thumb/v7e-m+dp/hard\libgcc.a
LOAD C:/PROGRA~2/ARMGNU~1/133167~1.3RE/bin/../lib/gcc/arm-none-eabi/13.3.1/thumb/v7e-m+dp/hard\libc.a
LOAD C:/PROGRA~2/ARMGNU~1/133167~1.3RE/bin/../lib/gcc/arm-none-eabi/13.3.1/thumb/v7e-m+dp/hard\libnosys.a
END GROUP
LOAD C:/PROGRA~2/ARMGNU~1/133167~1.3RE/bin/../lib/gcc/arm-none-eabi/13.3.1/thumb/v7e-m+dp/hard/crtend.o
LOAD C:/PROGRA~2/ARMGNU~1/133167~1.3RE/bin/../lib/gcc/arm-none-eabi/13.3.1/thumb/v7e-m+dp/hard/crtn.o
                0x20020000                        _estack = (ORIGIN (DTCMRAM) + LENGTH (DTCMRAM))
                0x00000200                        _Min_Heap_Size = 0x200
                0x00000400                        _Min_Stack_Size = 0x400

.isr_vector     0x08000000      0x2cc
                0x08000000                        . = ALIGN (0x4)
 *(.isr_vector)
 .isr_vector    0x08000000      0x2cc h723_core\libh723_corelib.a(startup_stm32h723xx.s.obj)
                0x08000000                g_pfnVectors
                0x080002cc                        . = ALIGN (0x4)

.text           0x08000300     0xac14
                0x08000300                        . = ALIGN (0x4)
 *(.text)
 .text          0x08000300      0x134 C:/PROGRA~2/ARMGNU~1/133167~1.3RE/bin/../lib/gcc/arm-none-eabi/13.3.1/thumb/v7e-m+dp/hard\libg.a(libc_a-memcpy.o)
                0x08000300                memcpy
 *fill*         0x08000434        0xc 
 .text          0x08000440       0xa0 C:/PROGRA~2/ARMGNU~1/133167~1.3RE/bin/../lib/gcc/arm-none-eabi/13.3.1/thumb/v7e-m+dp/hard\libg.a(libc_a-memchr.o)
                0x08000440                memchr
 *fill*         0x080004e0       0x20 
 .text          0x08000500       0xd8 C:/PROGRA~2/ARMGNU~1/133167~1.3RE/bin/../lib/gcc/arm-none-eabi/13.3.1/thumb/v7e-m+dp/hard\libg.a(libc_a-strlen.o)
                0x08000500                strlen
 *(.text*)
 .text.deregister_tm_clones
                0x080005d8       0x1c C:/PROGRA~2/ARMGNU~1/133167~1.3RE/bin/../lib/gcc/arm-none-eabi/13.3.1/thumb/v7e-m+dp/hard/crtbegin.o
 .text.register_tm_clones
                0x080005f4       0x24 C:/PROGRA~2/ARMGNU~1/133167~1.3RE/bin/../lib/gcc/arm-none-eabi/13.3.1/thumb/v7e-m+dp/hard/crtbegin.o
 .text.__do_global_dtors_aux
                0x08000618       0x28 C:/PROGRA~2/ARMGNU~1/133167~1.3RE/bin/../lib/gcc/arm-none-eabi/13.3.1/thumb/v7e-m+dp/hard/crtbegin.o
 .text.frame_dummy
                0x08000640       0x24 C:/PROGRA~2/ARMGNU~1/133167~1.3RE/bin/../lib/gcc/arm-none-eabi/13.3.1/thumb/v7e-m+dp/hard/crtbegin.o
 .text.stdio_exit_handler
                0x08000664       0x18 C:/PROGRA~2/ARMGNU~1/133167~1.3RE/bin/../lib/gcc/arm-none-eabi/13.3.1/thumb/v7e-m+dp/hard\libc.a(libc_a-findfp.o)
 .text.cleanup_stdio
                0x0800067c       0x40 C:/PROGRA~2/ARMGNU~1/133167~1.3RE/bin/../lib/gcc/arm-none-eabi/13.3.1/thumb/v7e-m+dp/hard\libc.a(libc_a-findfp.o)
 .text.global_stdio_init.part.0
                0x080006bc       0xf0 C:/PROGRA~2/ARMGNU~1/133167~1.3RE/bin/../lib/gcc/arm-none-eabi/13.3.1/thumb/v7e-m+dp/hard\libc.a(libc_a-findfp.o)
 .text.__sinit  0x080007ac       0x3c C:/PROGRA~2/ARMGNU~1/133167~1.3RE/bin/../lib/gcc/arm-none-eabi/13.3.1/thumb/v7e-m+dp/hard\libc.a(libc_a-findfp.o)
                0x080007ac                __sinit
 .text.__sfp_lock_acquire
                0x080007e8        0xc C:/PROGRA~2/ARMGNU~1/133167~1.3RE/bin/../lib/gcc/arm-none-eabi/13.3.1/thumb/v7e-m+dp/hard\libc.a(libc_a-findfp.o)
                0x080007e8                __sfp_lock_acquire
 .text.__sfp_lock_release
                0x080007f4        0xc C:/PROGRA~2/ARMGNU~1/133167~1.3RE/bin/../lib/gcc/arm-none-eabi/13.3.1/thumb/v7e-m+dp/hard\libc.a(libc_a-findfp.o)
                0x080007f4                __sfp_lock_release
 .text._fwalk_sglue
                0x08000800       0x44 C:/PROGRA~2/ARMGNU~1/133167~1.3RE/bin/../lib/gcc/arm-none-eabi/13.3.1/thumb/v7e-m+dp/hard\libc.a(libc_a-fwalk.o)
                0x08000800                _fwalk_sglue
 .text.__sread  0x08000844       0x24 C:/PROGRA~2/ARMGNU~1/133167~1.3RE/bin/../lib/gcc/arm-none-eabi/13.3.1/thumb/v7e-m+dp/hard\libc.a(libc_a-stdio.o)
                0x08000844                __sread
 .text.__swrite
                0x08000868       0x40 C:/PROGRA~2/ARMGNU~1/133167~1.3RE/bin/../lib/gcc/arm-none-eabi/13.3.1/thumb/v7e-m+dp/hard\libc.a(libc_a-stdio.o)
                0x08000868                __swrite
 .text.__sseek  0x080008a8       0x24 C:/PROGRA~2/ARMGNU~1/133167~1.3RE/bin/../lib/gcc/arm-none-eabi/13.3.1/thumb/v7e-m+dp/hard\libc.a(libc_a-stdio.o)
                0x080008a8                __sseek
 .text.__sclose
                0x080008cc        0x8 C:/PROGRA~2/ARMGNU~1/133167~1.3RE/bin/../lib/gcc/arm-none-eabi/13.3.1/thumb/v7e-m+dp/hard\libc.a(libc_a-stdio.o)
                0x080008cc                __sclose
 .text.memset   0x080008d4       0xa4 C:/PROGRA~2/ARMGNU~1/133167~1.3RE/bin/../lib/gcc/arm-none-eabi/13.3.1/thumb/v7e-m+dp/hard\libc.a(libc_a-memset.o)
                0x080008d4                memset
 .text._close_r
                0x08000978       0x24 C:/PROGRA~2/ARMGNU~1/133167~1.3RE/bin/../lib/gcc/arm-none-eabi/13.3.1/thumb/v7e-m+dp/hard\libc.a(libc_a-closer.o)
                0x08000978                _close_r
 .text._lseek_r
                0x0800099c       0x2c C:/PROGRA~2/ARMGNU~1/133167~1.3RE/bin/../lib/gcc/arm-none-eabi/13.3.1/thumb/v7e-m+dp/hard\libc.a(libc_a-lseekr.o)
                0x0800099c                _lseek_r
 .text._read_r  0x080009c8       0x2c C:/PROGRA~2/ARMGNU~1/133167~1.3RE/bin/../lib/gcc/arm-none-eabi/13.3.1/thumb/v7e-m+dp/hard\libc.a(libc_a-readr.o)
                0x080009c8                _read_r
 .text._write_r
                0x080009f4       0x2c C:/PROGRA~2/ARMGNU~1/133167~1.3RE/bin/../lib/gcc/arm-none-eabi/13.3.1/thumb/v7e-m+dp/hard\libc.a(libc_a-writer.o)
                0x080009f4                _write_r
 .text.__libc_init_array
                0x08000a20       0x50 C:/PROGRA~2/ARMGNU~1/133167~1.3RE/bin/../lib/gcc/arm-none-eabi/13.3.1/thumb/v7e-m+dp/hard\libc.a(libc_a-init.o)
                0x08000a20                __libc_init_array
 .text.__retarget_lock_init_recursive
                0x08000a70        0x4 C:/PROGRA~2/ARMGNU~1/133167~1.3RE/bin/../lib/gcc/arm-none-eabi/13.3.1/thumb/v7e-m+dp/hard\libc.a(libc_a-lock.o)
                0x08000a70                __retarget_lock_init_recursive
 .text.__retarget_lock_close_recursive
                0x08000a74        0x4 C:/PROGRA~2/ARMGNU~1/133167~1.3RE/bin/../lib/gcc/arm-none-eabi/13.3.1/thumb/v7e-m+dp/hard\libc.a(libc_a-lock.o)
                0x08000a74                __retarget_lock_close_recursive
 .text.__retarget_lock_acquire_recursive
                0x08000a78        0x4 C:/PROGRA~2/ARMGNU~1/133167~1.3RE/bin/../lib/gcc/arm-none-eabi/13.3.1/thumb/v7e-m+dp/hard\libc.a(libc_a-lock.o)
                0x08000a78                __retarget_lock_acquire_recursive
 .text.__retarget_lock_release_recursive
                0x08000a7c        0x4 C:/PROGRA~2/ARMGNU~1/133167~1.3RE/bin/../lib/gcc/arm-none-eabi/13.3.1/thumb/v7e-m+dp/hard\libc.a(libc_a-lock.o)
                0x08000a7c                __retarget_lock_release_recursive
 .text.startup.register_fini
                0x08000a80       0x14 C:/PROGRA~2/ARMGNU~1/133167~1.3RE/bin/../lib/gcc/arm-none-eabi/13.3.1/thumb/v7e-m+dp/hard\libc.a(libc_a-__call_atexit.o)
 .text.atexit   0x08000a94        0xc C:/PROGRA~2/ARMGNU~1/133167~1.3RE/bin/../lib/gcc/arm-none-eabi/13.3.1/thumb/v7e-m+dp/hard\libc.a(libc_a-atexit.o)
                0x08000a94                atexit
 .text._malloc_trim_r
                0x08000aa0       0xb8 C:/PROGRA~2/ARMGNU~1/133167~1.3RE/bin/../lib/gcc/arm-none-eabi/13.3.1/thumb/v7e-m+dp/hard\libc.a(libc_a-freer.o)
                0x08000aa0                _malloc_trim_r
 .text._free_r  0x08000b58      0x1f8 C:/PROGRA~2/ARMGNU~1/133167~1.3RE/bin/../lib/gcc/arm-none-eabi/13.3.1/thumb/v7e-m+dp/hard\libc.a(libc_a-freer.o)
                0x08000b58                _free_r
 .text._malloc_r
                0x08000d50      0x564 C:/PROGRA~2/ARMGNU~1/133167~1.3RE/bin/../lib/gcc/arm-none-eabi/13.3.1/thumb/v7e-m+dp/hard\libc.a(libc_a-mallocr.o)
                0x08000d50                _malloc_r
 .text.__malloc_lock
                0x080012b4        0xc C:/PROGRA~2/ARMGNU~1/133167~1.3RE/bin/../lib/gcc/arm-none-eabi/13.3.1/thumb/v7e-m+dp/hard\libc.a(libc_a-mlock.o)
                0x080012b4                __malloc_lock
 .text.__malloc_unlock
                0x080012c0        0xc C:/PROGRA~2/ARMGNU~1/133167~1.3RE/bin/../lib/gcc/arm-none-eabi/13.3.1/thumb/v7e-m+dp/hard\libc.a(libc_a-mlock.o)
                0x080012c0                __malloc_unlock
 .text._fclose_r
                0x080012cc       0xc0 C:/PROGRA~2/ARMGNU~1/133167~1.3RE/bin/../lib/gcc/arm-none-eabi/13.3.1/thumb/v7e-m+dp/hard\libc.a(libc_a-fclose.o)
                0x080012cc                _fclose_r
 .text.__sflush_r
                0x0800138c      0x138 C:/PROGRA~2/ARMGNU~1/133167~1.3RE/bin/../lib/gcc/arm-none-eabi/13.3.1/thumb/v7e-m+dp/hard\libc.a(libc_a-fflush.o)
                0x0800138c                __sflush_r
 .text._fflush_r
                0x080014c4       0x54 C:/PROGRA~2/ARMGNU~1/133167~1.3RE/bin/../lib/gcc/arm-none-eabi/13.3.1/thumb/v7e-m+dp/hard\libc.a(libc_a-fflush.o)
                0x080014c4                _fflush_r
 .text.fflush   0x08001518       0x74 C:/PROGRA~2/ARMGNU~1/133167~1.3RE/bin/../lib/gcc/arm-none-eabi/13.3.1/thumb/v7e-m+dp/hard\libc.a(libc_a-fflush.o)
                0x08001518                fflush
 .text._sbrk_r  0x0800158c       0x24 C:/PROGRA~2/ARMGNU~1/133167~1.3RE/bin/../lib/gcc/arm-none-eabi/13.3.1/thumb/v7e-m+dp/hard\libc.a(libc_a-sbrkr.o)
                0x0800158c                _sbrk_r
 .text.__libc_fini_array
                0x080015b0       0x28 C:/PROGRA~2/ARMGNU~1/133167~1.3RE/bin/../lib/gcc/arm-none-eabi/13.3.1/thumb/v7e-m+dp/hard\libc.a(libc_a-fini.o)
                0x080015b0                __libc_fini_array
 .text.sysconf  0x080015d8       0x1c C:/PROGRA~2/ARMGNU~1/133167~1.3RE/bin/../lib/gcc/arm-none-eabi/13.3.1/thumb/v7e-m+dp/hard\libc.a(libc_a-sysconf.o)
                0x080015d8                sysconf
 .text.__register_exitproc
                0x080015f4       0x80 C:/PROGRA~2/ARMGNU~1/133167~1.3RE/bin/../lib/gcc/arm-none-eabi/13.3.1/thumb/v7e-m+dp/hard\libc.a(libc_a-__atexit.o)
                0x080015f4                __register_exitproc
 .text.__errno  0x08001674        0xc C:/PROGRA~2/ARMGNU~1/133167~1.3RE/bin/../lib/gcc/arm-none-eabi/13.3.1/thumb/v7e-m+dp/hard\libc.a(libc_a-errno.o)
                0x08001674                __errno
 .text.Draw_EVA
                0x08001680       0xe4 CMakeFiles/CBS.elf.dir/main.c.obj
                0x08001680                Draw_EVA
 .text.main     0x08001764      0x164 CMakeFiles/CBS.elf.dir/main.c.obj
                0x08001764                main
 .text.SysTick_Handler
                0x080018c8       0x6c CMakeFiles/CBS.elf.dir/main.c.obj
                0x080018c8                SysTick_Handler
 .text.TIM2_IRQHandler
                0x08001934       0x22 CMakeFiles/CBS.elf.dir/main.c.obj
                0x08001934                TIM2_IRQHandler
 *fill*         0x08001956        0x2 
 .text.USART1_IRQHandler
                0x08001958       0x14 CMakeFiles/CBS.elf.dir/main.c.obj
                0x08001958                USART1_IRQHandler
 .text.USART2_IRQHandler
                0x0800196c       0x2c CMakeFiles/CBS.elf.dir/main.c.obj
                0x0800196c                USART2_IRQHandler
 .text.Reset_Handler
                0x08001998       0x54 h723_core\libh723_corelib.a(startup_stm32h723xx.s.obj)
                0x08001998                Reset_Handler
 .text.Default_Handler
                0x080019ec        0x2 h723_core\libh723_corelib.a(startup_stm32h723xx.s.obj)
                0x080019ec                EXTI2_IRQHandler
                0x080019ec                TIM8_CC_IRQHandler
                0x080019ec                DebugMon_Handler
                0x080019ec                UART8_IRQHandler
                0x080019ec                SPI4_IRQHandler
                0x080019ec                FDCAN3_IT0_IRQHandler
                0x080019ec                TIM1_CC_IRQHandler
                0x080019ec                BDMA_Channel6_IRQHandler
                0x080019ec                DMA2_Stream5_IRQHandler
                0x080019ec                HardFault_Handler
                0x080019ec                DMA1_Stream5_IRQHandler
                0x080019ec                CORDIC_IRQHandler
                0x080019ec                BDMA_Channel1_IRQHandler
                0x080019ec                TAMP_STAMP_IRQHandler
                0x080019ec                PendSV_Handler
                0x080019ec                NMI_Handler
                0x080019ec                EXTI3_IRQHandler
                0x080019ec                LPTIM4_IRQHandler
                0x080019ec                TIM8_TRG_COM_TIM14_IRQHandler
                0x080019ec                LPTIM2_IRQHandler
                0x080019ec                DFSDM1_FLT1_IRQHandler
                0x080019ec                DMAMUX2_OVR_IRQHandler
                0x080019ec                TIM8_UP_TIM13_IRQHandler
                0x080019ec                I2C3_ER_IRQHandler
                0x080019ec                DFSDM1_FLT2_IRQHandler
                0x080019ec                I2C5_EV_IRQHandler
                0x080019ec                USART10_IRQHandler
                0x080019ec                MDMA_IRQHandler
                0x080019ec                LPTIM3_IRQHandler
                0x080019ec                HSEM1_IRQHandler
                0x080019ec                EXTI0_IRQHandler
                0x080019ec                I2C2_EV_IRQHandler
                0x080019ec                DMA1_Stream2_IRQHandler
                0x080019ec                FPU_IRQHandler
                0x080019ec                OTG_HS_WKUP_IRQHandler
                0x080019ec                FDCAN1_IT1_IRQHandler
                0x080019ec                UsageFault_Handler
                0x080019ec                LTDC_ER_IRQHandler
                0x080019ec                DMA2_Stream2_IRQHandler
                0x080019ec                SPI1_IRQHandler
                0x080019ec                OCTOSPI1_IRQHandler
                0x080019ec                TIM6_DAC_IRQHandler
                0x080019ec                DMA2_Stream3_IRQHandler
                0x080019ec                OCTOSPI2_IRQHandler
                0x080019ec                DFSDM1_FLT3_IRQHandler
                0x080019ec                TIM23_IRQHandler
                0x080019ec                USART6_IRQHandler
                0x080019ec                TIM17_IRQHandler
                0x080019ec                USART3_IRQHandler
                0x080019ec                BDMA_Channel7_IRQHandler
                0x080019ec                LPTIM5_IRQHandler
                0x080019ec                UART5_IRQHandler
                0x080019ec                ADC3_IRQHandler
                0x080019ec                DMA2_Stream0_IRQHandler
                0x080019ec                TIM4_IRQHandler
                0x080019ec                BDMA_Channel2_IRQHandler
                0x080019ec                I2C1_EV_IRQHandler
                0x080019ec                DMA1_Stream6_IRQHandler
                0x080019ec                DMAMUX1_OVR_IRQHandler
                0x080019ec                DMA1_Stream1_IRQHandler
                0x080019ec                TIM16_IRQHandler
                0x080019ec                UART4_IRQHandler
                0x080019ec                BDMA_Channel5_IRQHandler
                0x080019ec                TIM3_IRQHandler
                0x080019ec                RCC_IRQHandler
                0x080019ec                UART9_IRQHandler
                0x080019ec                TIM8_BRK_TIM12_IRQHandler
                0x080019ec                TIM1_TRG_COM_IRQHandler
                0x080019ec                Default_Handler
                0x080019ec                ECC_IRQHandler
                0x080019ec                FMAC_IRQHandler
                0x080019ec                CEC_IRQHandler
                0x080019ec                EXTI15_10_IRQHandler
                0x080019ec                BDMA_Channel0_IRQHandler
                0x080019ec                ADC_IRQHandler
                0x080019ec                I2C5_ER_IRQHandler
                0x080019ec                DMA1_Stream7_IRQHandler
                0x080019ec                SPI5_IRQHandler
                0x080019ec                TIM7_IRQHandler
                0x080019ec                FDCAN3_IT1_IRQHandler
                0x080019ec                SDMMC1_IRQHandler
                0x080019ec                TIM5_IRQHandler
                0x080019ec                DMA2_Stream7_IRQHandler
                0x080019ec                TIM15_IRQHandler
                0x080019ec                PVD_AVD_IRQHandler
                0x080019ec                I2C3_EV_IRQHandler
                0x080019ec                EXTI9_5_IRQHandler
                0x080019ec                RTC_WKUP_IRQHandler
                0x080019ec                LTDC_IRQHandler
                0x080019ec                ETH_WKUP_IRQHandler
                0x080019ec                SPDIF_RX_IRQHandler
                0x080019ec                SPI2_IRQHandler
                0x080019ec                OTG_HS_EP1_IN_IRQHandler
                0x080019ec                MemManage_Handler
                0x080019ec                DMA1_Stream0_IRQHandler
                0x080019ec                TIM24_IRQHandler
                0x080019ec                SVC_Handler
                0x080019ec                CRS_IRQHandler
                0x080019ec                EXTI4_IRQHandler
                0x080019ec                RNG_IRQHandler
                0x080019ec                FDCAN2_IT1_IRQHandler
                0x080019ec                ETH_IRQHandler
                0x080019ec                TIM1_UP_IRQHandler
                0x080019ec                BDMA_Channel4_IRQHandler
                0x080019ec                OTG_HS_EP1_OUT_IRQHandler
                0x080019ec                WWDG_IRQHandler
                0x080019ec                SPI6_IRQHandler
                0x080019ec                MDIOS_IRQHandler
                0x080019ec                I2C4_EV_IRQHandler
                0x080019ec                FDCAN2_IT0_IRQHandler
                0x080019ec                LPUART1_IRQHandler
                0x080019ec                FDCAN1_IT0_IRQHandler
                0x080019ec                OTG_HS_IRQHandler
                0x080019ec                DMA2D_IRQHandler
                0x080019ec                TIM1_BRK_IRQHandler
                0x080019ec                EXTI1_IRQHandler
                0x080019ec                SDMMC2_IRQHandler
                0x080019ec                BDMA_Channel3_IRQHandler
                0x080019ec                DTS_IRQHandler
                0x080019ec                UART7_IRQHandler
                0x080019ec                MDIOS_WKUP_IRQHandler
                0x080019ec                DFSDM1_FLT0_IRQHandler
                0x080019ec                SAI4_IRQHandler
                0x080019ec                I2C2_ER_IRQHandler
                0x080019ec                DMA2_Stream1_IRQHandler
                0x080019ec                FLASH_IRQHandler
                0x080019ec                DMA2_Stream4_IRQHandler
                0x080019ec                BusFault_Handler
                0x080019ec                SPI3_IRQHandler
                0x080019ec                WAKEUP_PIN_IRQHandler
                0x080019ec                DMA1_Stream4_IRQHandler
                0x080019ec                I2C1_ER_IRQHandler
                0x080019ec                FMC_IRQHandler
                0x080019ec                FDCAN_CAL_IRQHandler
                0x080019ec                SWPMI1_IRQHandler
                0x080019ec                COMP1_IRQHandler
                0x080019ec                LPTIM1_IRQHandler
                0x080019ec                DCMI_PSSI_IRQHandler
                0x080019ec                I2C4_ER_IRQHandler
                0x080019ec                DMA2_Stream6_IRQHandler
                0x080019ec                SAI1_IRQHandler
                0x080019ec                DMA1_Stream3_IRQHandler
 *fill*         0x080019ee        0x2 
 .text.SystemClock_Config
                0x080019f0      0x15c h723_core\libh723_corelib.a(syscall.c.obj)
                0x080019f0                SystemClock_Config
 .text.SysTick_Init
                0x08001b4c       0x34 h723_core\libh723_corelib.a(syscall.c.obj)
                0x08001b4c                SysTick_Init
 .text.delay_us
                0x08001b80       0x4c h723_core\libh723_corelib.a(syscall.c.obj)
                0x08001b80                delay_us
 .text.delay_ms
                0x08001bcc       0x16 h723_core\libh723_corelib.a(syscall.c.obj)
                0x08001bcc                delay_ms
 .text._getpid  0x08001be2        0x4 h723_core\libh723_corelib.a(syscall.c.obj)
                0x08001be2                _getpid
 .text._kill    0x08001be6       0x10 h723_core\libh723_corelib.a(syscall.c.obj)
                0x08001be6                _kill
 .text._exit    0x08001bf6        0xc h723_core\libh723_corelib.a(syscall.c.obj)
                0x08001bf6                _exit
 .text._read    0x08001c02       0x20 h723_core\libh723_corelib.a(syscall.c.obj)
                0x08001c02                _read
 *fill*         0x08001c22        0x2 
 .text._write   0x08001c24       0x28 h723_core\libh723_corelib.a(syscall.c.obj)
                0x08001c24                _write
 .text._close   0x08001c4c        0x6 h723_core\libh723_corelib.a(syscall.c.obj)
                0x08001c4c                _close
 .text._fstat   0x08001c52        0xa h723_core\libh723_corelib.a(syscall.c.obj)
                0x08001c52                _fstat
 .text._isatty  0x08001c5c        0x4 h723_core\libh723_corelib.a(syscall.c.obj)
                0x08001c5c                _isatty
 .text._lseek   0x08001c60        0x4 h723_core\libh723_corelib.a(syscall.c.obj)
                0x08001c60                _lseek
 .text._sbrk    0x08001c64       0x48 h723_core\libh723_corelib.a(syscall.c.obj)
                0x08001c64                _sbrk
 .text.SystemInit
                0x08001cac       0xac h723_core\libh723_corelib.a(system_stm32h7xx.c.obj)
                0x08001cac                SystemInit
 .text.ExitRun0Mode
                0x08001d58        0x2 h723_core\libh723_corelib.a(system_stm32h7xx.c.obj)
                0x08001d58                ExitRun0Mode
 *fill*         0x08001d5a        0x2 
 .text.HAL_PWREx_ConfigSupply
                0x08001d5c       0x54 h723_core\libh723_corelib.a(stm32h7xx_hal_pwr_ex.c.obj)
                0x08001d5c                HAL_PWREx_ConfigSupply
 .text.HAL_RCC_OscConfig
                0x08001db0      0x5e4 h723_core\libh723_corelib.a(stm32h7xx_hal_rcc.c.obj)
                0x08001db0                HAL_RCC_OscConfig
 .text.HAL_RCC_GetSysClockFreq
                0x08002394      0x1f8 h723_core\libh723_corelib.a(stm32h7xx_hal_rcc.c.obj)
                0x08002394                HAL_RCC_GetSysClockFreq
 .text.HAL_RCC_ClockConfig
                0x0800258c      0x294 h723_core\libh723_corelib.a(stm32h7xx_hal_rcc.c.obj)
                0x0800258c                HAL_RCC_ClockConfig
 .text.HAL_InitTick
                0x08002820      0x168 h723_core\libh723_corelib.a(stm32h7xx_hal_timebase_rtc_alarm_template.c.obj)
                0x08002820                HAL_InitTick
 .text.HAL_RTC_AlarmAEventCallback
                0x08002988       0x68 h723_core\libh723_corelib.a(stm32h7xx_hal_timebase_rtc_alarm_template.c.obj)
                0x08002988                HAL_RTC_AlarmAEventCallback
 .text.RTC_Alarm_IRQHandler
                0x080029f0       0x10 h723_core\libh723_corelib.a(stm32h7xx_hal_timebase_rtc_alarm_template.c.obj)
                0x080029f0                RTC_Alarm_IRQHandler
 .text.HAL_IncTick
                0x08002a00       0x18 h723_core\libh723_corelib.a(stm32h7xx_hal.c.obj)
                0x08002a00                HAL_IncTick
 .text.HAL_GetTick
                0x08002a18        0xc h723_core\libh723_corelib.a(stm32h7xx_hal.c.obj)
                0x08002a18                HAL_GetTick
 .text.__NVIC_EnableIRQ
                0x08002a24       0x1c h723_core\libh723_corelib.a(stm32h7xx_hal_cortex.c.obj)
 .text.__NVIC_SetPriority
                0x08002a40       0x24 h723_core\libh723_corelib.a(stm32h7xx_hal_cortex.c.obj)
 .text.NVIC_EncodePriority
                0x08002a64       0x3e h723_core\libh723_corelib.a(stm32h7xx_hal_cortex.c.obj)
 *fill*         0x08002aa2        0x2 
 .text.HAL_NVIC_SetPriority
                0x08002aa4       0x20 h723_core\libh723_corelib.a(stm32h7xx_hal_cortex.c.obj)
                0x08002aa4                HAL_NVIC_SetPriority
 .text.HAL_NVIC_EnableIRQ
                0x08002ac4        0x8 h723_core\libh723_corelib.a(stm32h7xx_hal_cortex.c.obj)
                0x08002ac4                HAL_NVIC_EnableIRQ
 .text.RCCEx_PLL2_Config
                0x08002acc      0x108 h723_core\libh723_corelib.a(stm32h7xx_hal_rcc_ex.c.obj)
 .text.RCCEx_PLL3_Config
                0x08002bd4      0x108 h723_core\libh723_corelib.a(stm32h7xx_hal_rcc_ex.c.obj)
 .text.HAL_RCCEx_PeriphCLKConfig
                0x08002cdc      0xa2c h723_core\libh723_corelib.a(stm32h7xx_hal_rcc_ex.c.obj)
                0x08002cdc                HAL_RCCEx_PeriphCLKConfig
 .text.HAL_RTC_MspInit
                0x08003708        0x2 h723_core\libh723_corelib.a(stm32h7xx_hal_rtc.c.obj)
                0x08003708                HAL_RTC_MspInit
 .text.HAL_RTC_AlarmIRQHandler
                0x0800370a       0x5e h723_core\libh723_corelib.a(stm32h7xx_hal_rtc.c.obj)
                0x0800370a                HAL_RTC_AlarmIRQHandler
 .text.HAL_RTC_WaitForSynchro
                0x08003768       0x34 h723_core\libh723_corelib.a(stm32h7xx_hal_rtc.c.obj)
                0x08003768                HAL_RTC_WaitForSynchro
 .text.RTC_EnterInitMode
                0x0800379c       0x44 h723_core\libh723_corelib.a(stm32h7xx_hal_rtc.c.obj)
                0x0800379c                RTC_EnterInitMode
 .text.RTC_ExitInitMode
                0x080037e0       0x4c h723_core\libh723_corelib.a(stm32h7xx_hal_rtc.c.obj)
                0x080037e0                RTC_ExitInitMode
 .text.HAL_RTC_Init
                0x0800382c       0xa4 h723_core\libh723_corelib.a(stm32h7xx_hal_rtc.c.obj)
                0x0800382c                HAL_RTC_Init
 .text.HAL_RTCEx_AlarmBEventCallback
                0x080038d0        0x2 h723_core\libh723_corelib.a(stm32h7xx_hal_rtc_ex.c.obj)
                0x080038d0                HAL_RTCEx_AlarmBEventCallback
 .text.Stde_DataTypeDef_Init
                0x080038d2       0x4c bsp\libbsplib.a(Serial.c.obj)
                0x080038d2                Stde_DataTypeDef_Init
 .text.STDE_UART
                0x0800391e       0xe8 bsp\libbsplib.a(Serial.c.obj)
                0x0800391e                STDE_UART
 .text.StdeUSART_Deal
                0x08003a06       0x4e bsp\libbsplib.a(Serial.c.obj)
                0x08003a06                StdeUSART_Deal
 .text.Wirte_Char
                0x08003a54       0x3c bsp\libbsplib.a(Serial.c.obj)
                0x08003a54                Wirte_Char
 .text.__Wirte_String
                0x08003a90       0x2a bsp\libbsplib.a(Serial.c.obj)
                0x08003a90                __Wirte_String
 .text.Wirte_String
                0x08003aba       0x30 bsp\libbsplib.a(Serial.c.obj)
                0x08003aba                Wirte_String
 *fill*         0x08003aea        0x2 
 .text.refresh_Partscreen
                0x08003aec      0x164 bsp\libbsplib.a(Serial.c.obj)
                0x08003aec                refresh_Partscreen
 .text.NVIC_Init
                0x08003c50       0x40 bsp\libbsplib.a(sysport.c.obj)
 .text.SysPort_Init
                0x08003c90        0x8 bsp\libbsplib.a(sysport.c.obj)
                0x08003c90                SysPort_Init
 .text.H723_GPIO_Config
                0x08003c98       0x92 bsp\libbsplib.a(h723_gpio.c.obj)
                0x08003c98                H723_GPIO_Config
 .text.H723_GPIO_AF_Config
                0x08003d2a       0x5a bsp\libbsplib.a(h723_gpio.c.obj)
                0x08003d2a                H723_GPIO_AF_Config
 .text.H723_GPIO_Pin_Set
                0x08003d84       0x24 bsp\libbsplib.a(h723_gpio.c.obj)
                0x08003d84                H723_GPIO_Pin_Set
 .text.H723_TIM_Init
                0x08003da8      0x210 bsp\libbsplib.a(h723_tim.c.obj)
                0x08003da8                H723_TIM_Init
 .text.H723_USART_Init
                0x08003fb8      0x170 bsp\libbsplib.a(h723_usart.c.obj)
                0x08003fb8                H723_USART_Init
 .text.Control_Init
                0x08004128       0x28 project\libprojectlib.a(control.c.obj)
                0x08004128                Control_Init
 .text.Control  0x08004150       0x20 project\libprojectlib.a(control.c.obj)
                0x08004150                Control
 .text.PID_TypeStructInit
                0x08004170       0x28 project\libprojectlib.a(pid.c.obj)
                0x08004170                PID_TypeStructInit
 .text.PID_forX
                0x08004198       0x64 project\libprojectlib.a(pid.c.obj)
                0x08004198                PID_forX
 .text.LED_Init
                0x080041fc       0x40 project\libprojectlib.a(led.c.obj)
                0x080041fc                LED_Init
 .text.PWM_Init
                0x0800423c       0x4c project\libprojectlib.a(tim.c.obj)
                0x0800423c                PWM_Init
 .text.TIM2_INT_Init
                0x08004288       0x44 project\libprojectlib.a(tim.c.obj)
                0x08004288                TIM2_INT_Init
 .text.USART1_Init
                0x080042cc       0x64 project\libprojectlib.a(usart.c.obj)
                0x080042cc                USART1_Init
 .text.USART2_Init
                0x08004330       0x5c project\libprojectlib.a(usart.c.obj)
                0x08004330                USART2_Init
 .text.printf   0x0800438c       0x28 C:/PROGRA~2/ARMGNU~1/133167~1.3RE/bin/../lib/gcc/arm-none-eabi/13.3.1/thumb/v7e-m+dp/hard\libg.a(libc_a-printf.o)
                0x0800438c                printf
 .text.putchar  0x080043b4       0x10 C:/PROGRA~2/ARMGNU~1/133167~1.3RE/bin/../lib/gcc/arm-none-eabi/13.3.1/thumb/v7e-m+dp/hard\libg.a(libc_a-putchar.o)
                0x080043b4                putchar
 .text.vsprintf
                0x080043c4       0x38 C:/PROGRA~2/ARMGNU~1/133167~1.3RE/bin/../lib/gcc/arm-none-eabi/13.3.1/thumb/v7e-m+dp/hard\libg.a(libc_a-vsprintf.o)
                0x080043c4                vsprintf
 *fill*         0x080043fc        0x4 
 .text._svfprintf_r
                0x08004400     0x1a9c C:/PROGRA~2/ARMGNU~1/133167~1.3RE/bin/../lib/gcc/arm-none-eabi/13.3.1/thumb/v7e-m+dp/hard\libg.a(libc_a-svfprintf.o)
                0x08004400                _svfprintf_r
 *fill*         0x08005e9c        0x4 
 .text._vfprintf_r
                0x08005ea0     0x1b84 C:/PROGRA~2/ARMGNU~1/133167~1.3RE/bin/../lib/gcc/arm-none-eabi/13.3.1/thumb/v7e-m+dp/hard\libg.a(libc_a-vfprintf.o)
                0x08005ea0                _vfprintf_r
 .text.__sbprintf
                0x08007a24       0x80 C:/PROGRA~2/ARMGNU~1/133167~1.3RE/bin/../lib/gcc/arm-none-eabi/13.3.1/thumb/v7e-m+dp/hard\libg.a(libc_a-vfprintf.o)
 .text.__sprint_r
                0x08007aa4       0x20 C:/PROGRA~2/ARMGNU~1/133167~1.3RE/bin/../lib/gcc/arm-none-eabi/13.3.1/thumb/v7e-m+dp/hard\libg.a(libc_a-sprint_r.o)
                0x08007aa4                __sprint_r
 .text.__ssprint_r
                0x08007ac4       0x58 C:/PROGRA~2/ARMGNU~1/133167~1.3RE/bin/../lib/gcc/arm-none-eabi/13.3.1/thumb/v7e-m+dp/hard\libg.a(libc_a-ssprint_r.o)
                0x08007ac4                __ssprint_r
 .text.__sfvwrite_r
                0x08007b1c      0x300 C:/PROGRA~2/ARMGNU~1/133167~1.3RE/bin/../lib/gcc/arm-none-eabi/13.3.1/thumb/v7e-m+dp/hard\libg.a(libc_a-fvwrite.o)
                0x08007b1c                __sfvwrite_r
 .text._putc_r  0x08007e1c       0x78 C:/PROGRA~2/ARMGNU~1/133167~1.3RE/bin/../lib/gcc/arm-none-eabi/13.3.1/thumb/v7e-m+dp/hard\libg.a(libc_a-putc.o)
                0x08007e1c                _putc_r
 .text.__swbuf_r
                0x08007e94       0xac C:/PROGRA~2/ARMGNU~1/133167~1.3RE/bin/../lib/gcc/arm-none-eabi/13.3.1/thumb/v7e-m+dp/hard\libg.a(libc_a-wbuf.o)
                0x08007e94                __swbuf_r
 .text.__swsetup_r
                0x08007f40       0xc4 C:/PROGRA~2/ARMGNU~1/133167~1.3RE/bin/../lib/gcc/arm-none-eabi/13.3.1/thumb/v7e-m+dp/hard\libg.a(libc_a-wsetup.o)
                0x08007f40                __swsetup_r
 .text.memmove  0x08008004      0x100 C:/PROGRA~2/ARMGNU~1/133167~1.3RE/bin/../lib/gcc/arm-none-eabi/13.3.1/thumb/v7e-m+dp/hard\libg.a(libc_a-memmove.o)
                0x08008004                memmove
 .text.strncpy  0x08008104       0x68 C:/PROGRA~2/ARMGNU~1/133167~1.3RE/bin/../lib/gcc/arm-none-eabi/13.3.1/thumb/v7e-m+dp/hard\libg.a(libc_a-strncpy.o)
                0x08008104                strncpy
 .text.__locale_mb_cur_max
                0x0800816c        0xc C:/PROGRA~2/ARMGNU~1/133167~1.3RE/bin/../lib/gcc/arm-none-eabi/13.3.1/thumb/v7e-m+dp/hard\libg.a(libc_a-locale.o)
                0x0800816c                __locale_mb_cur_max
 .text._localeconv_r
                0x08008178        0x8 C:/PROGRA~2/ARMGNU~1/133167~1.3RE/bin/../lib/gcc/arm-none-eabi/13.3.1/thumb/v7e-m+dp/hard\libg.a(libc_a-localeconv.o)
                0x08008178                _localeconv_r
 .text.frexp    0x08008180       0x78 C:/PROGRA~2/ARMGNU~1/133167~1.3RE/bin/../lib/gcc/arm-none-eabi/13.3.1/thumb/v7e-m+dp/hard\libg.a(libm_a-s_frexp.o)
                0x08008180                frexp
 .text.quorem   0x080081f8      0x12c C:/PROGRA~2/ARMGNU~1/133167~1.3RE/bin/../lib/gcc/arm-none-eabi/13.3.1/thumb/v7e-m+dp/hard\libg.a(libc_a-dtoa.o)
 *fill*         0x08008324        0x4 
 .text._dtoa_r  0x08008328      0xcf8 C:/PROGRA~2/ARMGNU~1/133167~1.3RE/bin/../lib/gcc/arm-none-eabi/13.3.1/thumb/v7e-m+dp/hard\libg.a(libc_a-dtoa.o)
                0x08008328                _dtoa_r
 .text.__ascii_mbtowc
                0x08009020       0x2c C:/PROGRA~2/ARMGNU~1/133167~1.3RE/bin/../lib/gcc/arm-none-eabi/13.3.1/thumb/v7e-m+dp/hard\libg.a(libc_a-mbtowc_r.o)
                0x08009020                __ascii_mbtowc
 .text._Balloc  0x0800904c       0x4c C:/PROGRA~2/ARMGNU~1/133167~1.3RE/bin/../lib/gcc/arm-none-eabi/13.3.1/thumb/v7e-m+dp/hard\libg.a(libc_a-mprec.o)
                0x0800904c                _Balloc
 .text._Bfree   0x08009098       0x14 C:/PROGRA~2/ARMGNU~1/133167~1.3RE/bin/../lib/gcc/arm-none-eabi/13.3.1/thumb/v7e-m+dp/hard\libg.a(libc_a-mprec.o)
                0x08009098                _Bfree
 .text.__multadd
                0x080090ac       0xa0 C:/PROGRA~2/ARMGNU~1/133167~1.3RE/bin/../lib/gcc/arm-none-eabi/13.3.1/thumb/v7e-m+dp/hard\libg.a(libc_a-mprec.o)
                0x080090ac                __multadd
 .text.__hi0bits
                0x0800914c       0x44 C:/PROGRA~2/ARMGNU~1/133167~1.3RE/bin/../lib/gcc/arm-none-eabi/13.3.1/thumb/v7e-m+dp/hard\libg.a(libc_a-mprec.o)
                0x0800914c                __hi0bits
 .text.__lo0bits
                0x08009190       0x60 C:/PROGRA~2/ARMGNU~1/133167~1.3RE/bin/../lib/gcc/arm-none-eabi/13.3.1/thumb/v7e-m+dp/hard\libg.a(libc_a-mprec.o)
                0x08009190                __lo0bits
 .text.__i2b    0x080091f0       0x5c C:/PROGRA~2/ARMGNU~1/133167~1.3RE/bin/../lib/gcc/arm-none-eabi/13.3.1/thumb/v7e-m+dp/hard\libg.a(libc_a-mprec.o)
                0x080091f0                __i2b
 .text.__multiply
                0x0800924c      0x16c C:/PROGRA~2/ARMGNU~1/133167~1.3RE/bin/../lib/gcc/arm-none-eabi/13.3.1/thumb/v7e-m+dp/hard\libg.a(libc_a-mprec.o)
                0x0800924c                __multiply
 .text.__pow5mult
                0x080093b8       0xb4 C:/PROGRA~2/ARMGNU~1/133167~1.3RE/bin/../lib/gcc/arm-none-eabi/13.3.1/thumb/v7e-m+dp/hard\libg.a(libc_a-mprec.o)
                0x080093b8                __pow5mult
 .text.__lshift
                0x0800946c       0xf0 C:/PROGRA~2/ARMGNU~1/133167~1.3RE/bin/../lib/gcc/arm-none-eabi/13.3.1/thumb/v7e-m+dp/hard\libg.a(libc_a-mprec.o)
                0x0800946c                __lshift
 .text.__mcmp   0x0800955c       0x44 C:/PROGRA~2/ARMGNU~1/133167~1.3RE/bin/../lib/gcc/arm-none-eabi/13.3.1/thumb/v7e-m+dp/hard\libg.a(libc_a-mprec.o)
                0x0800955c                __mcmp
 .text.__mdiff  0x080095a0      0x178 C:/PROGRA~2/ARMGNU~1/133167~1.3RE/bin/../lib/gcc/arm-none-eabi/13.3.1/thumb/v7e-m+dp/hard\libg.a(libc_a-mprec.o)
                0x080095a0                __mdiff
 .text.__d2b    0x08009718       0xc0 C:/PROGRA~2/ARMGNU~1/133167~1.3RE/bin/../lib/gcc/arm-none-eabi/13.3.1/thumb/v7e-m+dp/hard\libg.a(libc_a-mprec.o)
                0x08009718                __d2b
 .text._realloc_r
                0x080097d8      0x344 C:/PROGRA~2/ARMGNU~1/133167~1.3RE/bin/../lib/gcc/arm-none-eabi/13.3.1/thumb/v7e-m+dp/hard\libg.a(libc_a-reallocr.o)
                0x080097d8                _realloc_r
 .text.__ascii_wctomb
                0x08009b1c       0x1c C:/PROGRA~2/ARMGNU~1/133167~1.3RE/bin/../lib/gcc/arm-none-eabi/13.3.1/thumb/v7e-m+dp/hard\libg.a(libc_a-wctomb_r.o)
                0x08009b1c                __ascii_wctomb
 .text._wcrtomb_r
                0x08009b38       0x4c C:/PROGRA~2/ARMGNU~1/133167~1.3RE/bin/../lib/gcc/arm-none-eabi/13.3.1/thumb/v7e-m+dp/hard\libg.a(libc_a-wcrtomb.o)
                0x08009b38                _wcrtomb_r
 .text._wcsrtombs_r
                0x08009b84       0x18 C:/PROGRA~2/ARMGNU~1/133167~1.3RE/bin/../lib/gcc/arm-none-eabi/13.3.1/thumb/v7e-m+dp/hard\libg.a(libc_a-wcsrtombs.o)
                0x08009b84                _wcsrtombs_r
 .text.__ssputs_r
                0x08009b9c       0xc0 C:/PROGRA~2/ARMGNU~1/133167~1.3RE/bin/../lib/gcc/arm-none-eabi/13.3.1/thumb/v7e-m+dp/hard\libg.a(libc_a-ssputs_r.o)
                0x08009b9c                __ssputs_r
 .text.__smakebuf_r
                0x08009c5c       0xdc C:/PROGRA~2/ARMGNU~1/133167~1.3RE/bin/../lib/gcc/arm-none-eabi/13.3.1/thumb/v7e-m+dp/hard\libg.a(libc_a-makebuf.o)
                0x08009c5c                __smakebuf_r
 .text._fstat_r
                0x08009d38       0x2c C:/PROGRA~2/ARMGNU~1/133167~1.3RE/bin/../lib/gcc/arm-none-eabi/13.3.1/thumb/v7e-m+dp/hard\libg.a(libc_a-fstatr.o)
                0x08009d38                _fstat_r
 .text._isatty_r
                0x08009d64       0x24 C:/PROGRA~2/ARMGNU~1/133167~1.3RE/bin/../lib/gcc/arm-none-eabi/13.3.1/thumb/v7e-m+dp/hard\libg.a(libc_a-isattyr.o)
                0x08009d64                _isatty_r
 .text.__assert_func
                0x08009d88       0x40 C:/PROGRA~2/ARMGNU~1/133167~1.3RE/bin/../lib/gcc/arm-none-eabi/13.3.1/thumb/v7e-m+dp/hard\libg.a(libc_a-assert.o)
                0x08009d88                __assert_func
 .text._calloc_r
                0x08009dc8       0x6c C:/PROGRA~2/ARMGNU~1/133167~1.3RE/bin/../lib/gcc/arm-none-eabi/13.3.1/thumb/v7e-m+dp/hard\libg.a(libc_a-callocr.o)
                0x08009dc8                _calloc_r
 .text._wcsnrtombs_l
                0x08009e34       0xfc C:/PROGRA~2/ARMGNU~1/133167~1.3RE/bin/../lib/gcc/arm-none-eabi/13.3.1/thumb/v7e-m+dp/hard\libg.a(libc_a-wcsnrtombs.o)
                0x08009e34                _wcsnrtombs_l
 .text._wcsnrtombs_r
                0x08009f30       0x24 C:/PROGRA~2/ARMGNU~1/133167~1.3RE/bin/../lib/gcc/arm-none-eabi/13.3.1/thumb/v7e-m+dp/hard\libg.a(libc_a-wcsnrtombs.o)
                0x08009f30                _wcsnrtombs_r
 .text.fiprintf
                0x08009f54       0x28 C:/PROGRA~2/ARMGNU~1/133167~1.3RE/bin/../lib/gcc/arm-none-eabi/13.3.1/thumb/v7e-m+dp/hard\libg.a(libc_a-fiprintf.o)
                0x08009f54                fiprintf
 .text._vfiprintf_r
                0x08009f7c      0xe68 C:/PROGRA~2/ARMGNU~1/133167~1.3RE/bin/../lib/gcc/arm-none-eabi/13.3.1/thumb/v7e-m+dp/hard\libg.a(libc_a-vfiprintf.o)
                0x08009f7c                _vfiprintf_r
 .text.__sbprintf
                0x0800ade4       0x80 C:/PROGRA~2/ARMGNU~1/133167~1.3RE/bin/../lib/gcc/arm-none-eabi/13.3.1/thumb/v7e-m+dp/hard\libg.a(libc_a-vfiprintf.o)
 .text.abort    0x0800ae64       0x10 C:/PROGRA~2/ARMGNU~1/133167~1.3RE/bin/../lib/gcc/arm-none-eabi/13.3.1/thumb/v7e-m+dp/hard\libg.a(libc_a-abort.o)
                0x0800ae64                abort
 .text.raise    0x0800ae74       0x58 C:/PROGRA~2/ARMGNU~1/133167~1.3RE/bin/../lib/gcc/arm-none-eabi/13.3.1/thumb/v7e-m+dp/hard\libg.a(libc_a-signal.o)
                0x0800ae74                raise
 .text._kill_r  0x0800aecc       0x2c C:/PROGRA~2/ARMGNU~1/133167~1.3RE/bin/../lib/gcc/arm-none-eabi/13.3.1/thumb/v7e-m+dp/hard\libg.a(libc_a-signalr.o)
                0x0800aecc                _kill_r
 .text._getpid_r
                0x0800aef8        0x4 C:/PROGRA~2/ARMGNU~1/133167~1.3RE/bin/../lib/gcc/arm-none-eabi/13.3.1/thumb/v7e-m+dp/hard\libg.a(libc_a-signalr.o)
                0x0800aef8                _getpid_r
 *(.glue_7)
 .glue_7        0x0800aefc        0x0 linker stubs
 *(.glue_7t)
 .glue_7t       0x0800aefc        0x0 linker stubs
 *(.eh_frame)
 .eh_frame      0x0800aefc        0x0 C:/PROGRA~2/ARMGNU~1/133167~1.3RE/bin/../lib/gcc/arm-none-eabi/13.3.1/thumb/v7e-m+dp/hard/crtbegin.o
 *(.init)
 .init          0x0800aefc        0x4 C:/PROGRA~2/ARMGNU~1/133167~1.3RE/bin/../lib/gcc/arm-none-eabi/13.3.1/thumb/v7e-m+dp/hard/crti.o
                0x0800aefc                _init
 .init          0x0800af00        0x8 C:/PROGRA~2/ARMGNU~1/133167~1.3RE/bin/../lib/gcc/arm-none-eabi/13.3.1/thumb/v7e-m+dp/hard/crtn.o
 *(.fini)
 .fini          0x0800af08        0x4 C:/PROGRA~2/ARMGNU~1/133167~1.3RE/bin/../lib/gcc/arm-none-eabi/13.3.1/thumb/v7e-m+dp/hard/crti.o
                0x0800af08                _fini
 .fini          0x0800af0c        0x8 C:/PROGRA~2/ARMGNU~1/133167~1.3RE/bin/../lib/gcc/arm-none-eabi/13.3.1/thumb/v7e-m+dp/hard/crtn.o
                0x0800af14                        . = ALIGN (0x4)
                0x0800af14                        _etext = .

.vfp11_veneer   0x0800af14        0x0
 .vfp11_veneer  0x0800af14        0x0 linker stubs

.v4_bx          0x0800af14        0x0
 .v4_bx         0x0800af14        0x0 linker stubs

.iplt           0x0800af14        0x0
 .iplt          0x0800af14        0x0 C:/PROGRA~2/ARMGNU~1/133167~1.3RE/bin/../lib/gcc/arm-none-eabi/13.3.1/thumb/v7e-m+dp/hard/crtbegin.o

.rodata         0x0800af18      0x5c4
                0x0800af18                        . = ALIGN (0x4)
 *(.rodata)
 *(.rodata*)
 .rodata.Draw_EVA.str1.4
                0x0800af18      0x34f CMakeFiles/CBS.elf.dir/main.c.obj
                                 0x40 (size before relaxing)
 .rodata.main.str1.4
                0x0800b267      0x112 CMakeFiles/CBS.elf.dir/main.c.obj
 *fill*         0x0800b267        0x1 
 .rodata.D1CorePrescTable
                0x0800b268       0x10 h723_core\libh723_corelib.a(system_stm32h7xx.c.obj)
                0x0800b268                D1CorePrescTable
 .rodata.refresh_Partscreen.str1.4
                0x0800b278       0x53 bsp\libbsplib.a(Serial.c.obj)
 .rodata._svfprintf_r.str1.4
                0x0800b278       0x42 C:/PROGRA~2/ARMGNU~1/133167~1.3RE/bin/../lib/gcc/arm-none-eabi/13.3.1/thumb/v7e-m+dp/hard\libg.a(libc_a-svfprintf.o)
 .rodata.zeroes.0
                0x0800b278       0x10 C:/PROGRA~2/ARMGNU~1/133167~1.3RE/bin/../lib/gcc/arm-none-eabi/13.3.1/thumb/v7e-m+dp/hard\libg.a(libc_a-svfprintf.o)
 .rodata.blanks.1
                0x0800b288       0x10 C:/PROGRA~2/ARMGNU~1/133167~1.3RE/bin/../lib/gcc/arm-none-eabi/13.3.1/thumb/v7e-m+dp/hard\libg.a(libc_a-svfprintf.o)
 .rodata._vfprintf_r.str1.4
                0x0800b298       0x42 C:/PROGRA~2/ARMGNU~1/133167~1.3RE/bin/../lib/gcc/arm-none-eabi/13.3.1/thumb/v7e-m+dp/hard\libg.a(libc_a-vfprintf.o)
 .rodata.zeroes.0
                0x0800b298       0x10 C:/PROGRA~2/ARMGNU~1/133167~1.3RE/bin/../lib/gcc/arm-none-eabi/13.3.1/thumb/v7e-m+dp/hard\libg.a(libc_a-vfprintf.o)
 .rodata.blanks.1
                0x0800b2a8       0x10 C:/PROGRA~2/ARMGNU~1/133167~1.3RE/bin/../lib/gcc/arm-none-eabi/13.3.1/thumb/v7e-m+dp/hard\libg.a(libc_a-vfprintf.o)
 .rodata.str1.4
                0x0800b2b8       0x4c C:/PROGRA~2/ARMGNU~1/133167~1.3RE/bin/../lib/gcc/arm-none-eabi/13.3.1/thumb/v7e-m+dp/hard\libg.a(libc_a-locale.o)
 .rodata._dtoa_r.str1.4
                0x0800b2b8       0x81 C:/PROGRA~2/ARMGNU~1/133167~1.3RE/bin/../lib/gcc/arm-none-eabi/13.3.1/thumb/v7e-m+dp/hard\libg.a(libc_a-dtoa.o)
 .rodata.__multadd.str1.4
                0x0800b2b8       0x6e C:/PROGRA~2/ARMGNU~1/133167~1.3RE/bin/../lib/gcc/arm-none-eabi/13.3.1/thumb/v7e-m+dp/hard\libg.a(libc_a-mprec.o)
 .rodata.p05.0  0x0800b2b8        0xc C:/PROGRA~2/ARMGNU~1/133167~1.3RE/bin/../lib/gcc/arm-none-eabi/13.3.1/thumb/v7e-m+dp/hard\libg.a(libc_a-mprec.o)
 *fill*         0x0800b2c4        0x4 
 .rodata.__mprec_bigtens
                0x0800b2c8       0x28 C:/PROGRA~2/ARMGNU~1/133167~1.3RE/bin/../lib/gcc/arm-none-eabi/13.3.1/thumb/v7e-m+dp/hard\libg.a(libc_a-mprec.o)
                0x0800b2c8                __mprec_bigtens
 .rodata.__mprec_tens
                0x0800b2f0       0xc8 C:/PROGRA~2/ARMGNU~1/133167~1.3RE/bin/../lib/gcc/arm-none-eabi/13.3.1/thumb/v7e-m+dp/hard\libg.a(libc_a-mprec.o)
                0x0800b2f0                __mprec_tens
 .rodata._ctype_
                0x0800b3b8      0x101 C:/PROGRA~2/ARMGNU~1/133167~1.3RE/bin/../lib/gcc/arm-none-eabi/13.3.1/thumb/v7e-m+dp/hard\libg.a(libc_a-ctype_.o)
                0x0800b3b8                _ctype_
 .rodata.__assert_func.str1.4
                0x0800b4b9       0x43 C:/PROGRA~2/ARMGNU~1/133167~1.3RE/bin/../lib/gcc/arm-none-eabi/13.3.1/thumb/v7e-m+dp/hard\libg.a(libc_a-assert.o)
 .rodata._vfiprintf_r.str1.4
                0x0800b4b9       0x2f C:/PROGRA~2/ARMGNU~1/133167~1.3RE/bin/../lib/gcc/arm-none-eabi/13.3.1/thumb/v7e-m+dp/hard\libg.a(libc_a-vfiprintf.o)
 *fill*         0x0800b4b9        0x3 
 .rodata.zeroes.0
                0x0800b4bc       0x10 C:/PROGRA~2/ARMGNU~1/133167~1.3RE/bin/../lib/gcc/arm-none-eabi/13.3.1/thumb/v7e-m+dp/hard\libg.a(libc_a-vfiprintf.o)
 .rodata.blanks.1
                0x0800b4cc       0x10 C:/PROGRA~2/ARMGNU~1/133167~1.3RE/bin/../lib/gcc/arm-none-eabi/13.3.1/thumb/v7e-m+dp/hard\libg.a(libc_a-vfiprintf.o)
                0x0800b4dc                        . = ALIGN (0x4)

.ARM.extab      0x0800b4dc        0x0
                0x0800b4dc                        . = ALIGN (0x4)
 *(.ARM.extab* .gnu.linkonce.armextab.*)
                0x0800b4dc                        . = ALIGN (0x4)

.ARM            0x0800b4dc        0x8
                0x0800b4dc                        . = ALIGN (0x4)
                0x0800b4dc                        __exidx_start = .
 *(.ARM.exidx*)
 .ARM.exidx     0x0800b4dc        0x8 C:/PROGRA~2/ARMGNU~1/133167~1.3RE/bin/../lib/gcc/arm-none-eabi/13.3.1/thumb/v7e-m+dp/hard\libg.a(libc_a-memcpy.o)
 .ARM.exidx     0x0800b4e4        0x0 C:/PROGRA~2/ARMGNU~1/133167~1.3RE/bin/../lib/gcc/arm-none-eabi/13.3.1/thumb/v7e-m+dp/hard\libg.a(libc_a-memchr.o)
                                  0x8 (size before relaxing)
 .ARM.exidx     0x0800b4e4        0x0 C:/PROGRA~2/ARMGNU~1/133167~1.3RE/bin/../lib/gcc/arm-none-eabi/13.3.1/thumb/v7e-m+dp/hard\libg.a(libc_a-strlen.o)
                                  0x8 (size before relaxing)
                0x0800b4e4                        __exidx_end = .
                0x0800b4e4                        . = ALIGN (0x4)

.preinit_array  0x0800b4e4        0x0
                0x0800b4e4                        . = ALIGN (0x4)
                0x0800b4e4                        PROVIDE (__preinit_array_start = .)
 *(.preinit_array*)
                0x0800b4e4                        PROVIDE (__preinit_array_end = .)
                0x0800b4e4                        . = ALIGN (0x4)

.init_array     0x0800b4e4        0x8
                0x0800b4e4                        . = ALIGN (0x4)
                0x0800b4e4                        PROVIDE (__init_array_start = .)
 *(SORT_BY_NAME(.init_array.*))
 .init_array.00000
                0x0800b4e4        0x4 C:/PROGRA~2/ARMGNU~1/133167~1.3RE/bin/../lib/gcc/arm-none-eabi/13.3.1/thumb/v7e-m+dp/hard\libc.a(libc_a-__call_atexit.o)
 *(.init_array*)
 .init_array    0x0800b4e8        0x4 C:/PROGRA~2/ARMGNU~1/133167~1.3RE/bin/../lib/gcc/arm-none-eabi/13.3.1/thumb/v7e-m+dp/hard/crtbegin.o
                0x0800b4ec                        PROVIDE (__init_array_end = .)
                0x0800b4ec                        . = ALIGN (0x4)

.fini_array     0x0800b4ec        0x4
                0x0800b4ec                        . = ALIGN (0x4)
                0x0800b4ec                        PROVIDE (__fini_array_start = .)
 *(SORT_BY_NAME(.fini_array.*))
 *(.fini_array*)
 .fini_array    0x0800b4ec        0x4 C:/PROGRA~2/ARMGNU~1/133167~1.3RE/bin/../lib/gcc/arm-none-eabi/13.3.1/thumb/v7e-m+dp/hard/crtbegin.o
                0x0800b4f0                        PROVIDE (__fini_array_end = .)
                0x0800b4f0                        . = ALIGN (0x4)
                0x0800b4f0                        _sidata = LOADADDR (.data)

.rel.dyn        0x0800b4f0        0x0
 .rel.iplt      0x0800b4f0        0x0 C:/PROGRA~2/ARMGNU~1/133167~1.3RE/bin/../lib/gcc/arm-none-eabi/13.3.1/thumb/v7e-m+dp/hard/crtbegin.o

.data           0x20000000      0x76c load address 0x0800b4f0
                0x20000000                        . = ALIGN (0x4)
                0x20000000                        _sdata = .
 *(.data)
 *(.data*)
 .data.__sglue  0x20000000        0xc C:/PROGRA~2/ARMGNU~1/133167~1.3RE/bin/../lib/gcc/arm-none-eabi/13.3.1/thumb/v7e-m+dp/hard\libc.a(libc_a-findfp.o)
                0x20000000                __sglue
 .data._impure_ptr
                0x2000000c        0x4 C:/PROGRA~2/ARMGNU~1/133167~1.3RE/bin/../lib/gcc/arm-none-eabi/13.3.1/thumb/v7e-m+dp/hard\libc.a(libc_a-impure.o)
                0x2000000c                _impure_ptr
 .data._impure_data
                0x20000010      0x140 C:/PROGRA~2/ARMGNU~1/133167~1.3RE/bin/../lib/gcc/arm-none-eabi/13.3.1/thumb/v7e-m+dp/hard\libc.a(libc_a-impure.o)
                0x20000010                _impure_data
 .data.__atexit_recursive_mutex
                0x20000150        0x4 C:/PROGRA~2/ARMGNU~1/133167~1.3RE/bin/../lib/gcc/arm-none-eabi/13.3.1/thumb/v7e-m+dp/hard\libc.a(libc_a-__call_atexit.o)
                0x20000150                __atexit_recursive_mutex
 .data.__malloc_sbrk_base
                0x20000154        0x4 C:/PROGRA~2/ARMGNU~1/133167~1.3RE/bin/../lib/gcc/arm-none-eabi/13.3.1/thumb/v7e-m+dp/hard\libc.a(libc_a-mallocr.o)
                0x20000154                __malloc_sbrk_base
 .data.__malloc_trim_threshold
                0x20000158        0x4 C:/PROGRA~2/ARMGNU~1/133167~1.3RE/bin/../lib/gcc/arm-none-eabi/13.3.1/thumb/v7e-m+dp/hard\libc.a(libc_a-mallocr.o)
                0x20000158                __malloc_trim_threshold
 *fill*         0x2000015c        0x4 
 .data.__malloc_av_
                0x20000160      0x408 C:/PROGRA~2/ARMGNU~1/133167~1.3RE/bin/../lib/gcc/arm-none-eabi/13.3.1/thumb/v7e-m+dp/hard\libc.a(libc_a-mallocr.o)
                0x20000160                __malloc_av_
 .data.SystemD2Clock
                0x20000568        0x4 h723_core\libh723_corelib.a(system_stm32h7xx.c.obj)
                0x20000568                SystemD2Clock
 .data.SystemCoreClock
                0x2000056c        0x4 h723_core\libh723_corelib.a(system_stm32h7xx.c.obj)
                0x2000056c                SystemCoreClock
 .data.uwTickFreq
                0x20000570        0x1 h723_core\libh723_corelib.a(stm32h7xx_hal.c.obj)
                0x20000570                uwTickFreq
 *fill*         0x20000571        0x3 
 .data.uwTickPrio
                0x20000574        0x4 h723_core\libh723_corelib.a(stm32h7xx_hal.c.obj)
                0x20000574                uwTickPrio
 .data.port.0   0x20000578       0x88 bsp\libbsplib.a(sysport.c.obj)
 .data.__global_locale
                0x20000600      0x16c C:/PROGRA~2/ARMGNU~1/133167~1.3RE/bin/../lib/gcc/arm-none-eabi/13.3.1/thumb/v7e-m+dp/hard\libg.a(libc_a-locale.o)
                0x20000600                __global_locale
 *(.RamFunc)
 *(.RamFunc*)
                0x2000076c                        . = ALIGN (0x4)
                0x2000076c                        _edata = .

.tm_clone_table
                0x2000076c        0x0 load address 0x0800bc5c
 .tm_clone_table
                0x2000076c        0x0 C:/PROGRA~2/ARMGNU~1/133167~1.3RE/bin/../lib/gcc/arm-none-eabi/13.3.1/thumb/v7e-m+dp/hard/crtbegin.o
 .tm_clone_table
                0x2000076c        0x0 C:/PROGRA~2/ARMGNU~1/133167~1.3RE/bin/../lib/gcc/arm-none-eabi/13.3.1/thumb/v7e-m+dp/hard/crtend.o

.igot.plt       0x2000076c        0x0 load address 0x0800bc5c
 .igot.plt      0x2000076c        0x0 C:/PROGRA~2/ARMGNU~1/133167~1.3RE/bin/../lib/gcc/arm-none-eabi/13.3.1/thumb/v7e-m+dp/hard/crtbegin.o
                0x2000076c                        . = ALIGN (0x4)

.bss            0x20000770     0xe4a8 load address 0x0800bc5c
                0x20000770                        _sbss = .
                0x20000770                        __bss_start__ = _sbss
 *(.bss)
 *(.bss*)
 .bss.completed.1
                0x20000770        0x1 C:/PROGRA~2/ARMGNU~1/133167~1.3RE/bin/../lib/gcc/arm-none-eabi/13.3.1/thumb/v7e-m+dp/hard/crtbegin.o
 *fill*         0x20000771        0x3 
 .bss.object.0  0x20000774       0x18 C:/PROGRA~2/ARMGNU~1/133167~1.3RE/bin/../lib/gcc/arm-none-eabi/13.3.1/thumb/v7e-m+dp/hard/crtbegin.o
 .bss.__sf      0x2000078c      0x138 C:/PROGRA~2/ARMGNU~1/133167~1.3RE/bin/../lib/gcc/arm-none-eabi/13.3.1/thumb/v7e-m+dp/hard\libc.a(libc_a-findfp.o)
                0x2000078c                __sf
 .bss.__stdio_exit_handler
                0x200008c4        0x4 C:/PROGRA~2/ARMGNU~1/133167~1.3RE/bin/../lib/gcc/arm-none-eabi/13.3.1/thumb/v7e-m+dp/hard\libc.a(libc_a-findfp.o)
                0x200008c4                __stdio_exit_handler
 .bss.errno     0x200008c8        0x4 C:/PROGRA~2/ARMGNU~1/133167~1.3RE/bin/../lib/gcc/arm-none-eabi/13.3.1/thumb/v7e-m+dp/hard\libc.a(libc_a-reent.o)
                0x200008c8                errno
 .bss.__lock___malloc_recursive_mutex
                0x200008cc        0x1 C:/PROGRA~2/ARMGNU~1/133167~1.3RE/bin/../lib/gcc/arm-none-eabi/13.3.1/thumb/v7e-m+dp/hard\libc.a(libc_a-lock.o)
                0x200008cc                __lock___malloc_recursive_mutex
 *fill*         0x200008cd        0x3 
 .bss.__lock___atexit_recursive_mutex
                0x200008d0        0x1 C:/PROGRA~2/ARMGNU~1/133167~1.3RE/bin/../lib/gcc/arm-none-eabi/13.3.1/thumb/v7e-m+dp/hard\libc.a(libc_a-lock.o)
                0x200008d0                __lock___atexit_recursive_mutex
 *fill*         0x200008d1        0x3 
 .bss.__lock___sfp_recursive_mutex
                0x200008d4        0x1 C:/PROGRA~2/ARMGNU~1/133167~1.3RE/bin/../lib/gcc/arm-none-eabi/13.3.1/thumb/v7e-m+dp/hard\libc.a(libc_a-lock.o)
                0x200008d4                __lock___sfp_recursive_mutex
 *fill*         0x200008d5        0x3 
 .bss.__atexit  0x200008d8        0x4 C:/PROGRA~2/ARMGNU~1/133167~1.3RE/bin/../lib/gcc/arm-none-eabi/13.3.1/thumb/v7e-m+dp/hard\libc.a(libc_a-__call_atexit.o)
                0x200008d8                __atexit
 .bss.__malloc_current_mallinfo
                0x200008dc       0x28 C:/PROGRA~2/ARMGNU~1/133167~1.3RE/bin/../lib/gcc/arm-none-eabi/13.3.1/thumb/v7e-m+dp/hard\libc.a(libc_a-mallocr.o)
                0x200008dc                __malloc_current_mallinfo
 .bss.__malloc_max_total_mem
                0x20000904        0x4 C:/PROGRA~2/ARMGNU~1/133167~1.3RE/bin/../lib/gcc/arm-none-eabi/13.3.1/thumb/v7e-m+dp/hard\libc.a(libc_a-mallocr.o)
                0x20000904                __malloc_max_total_mem
 .bss.__malloc_max_sbrked_mem
                0x20000908        0x4 C:/PROGRA~2/ARMGNU~1/133167~1.3RE/bin/../lib/gcc/arm-none-eabi/13.3.1/thumb/v7e-m+dp/hard\libc.a(libc_a-mallocr.o)
                0x20000908                __malloc_max_sbrked_mem
 .bss.__malloc_top_pad
                0x2000090c        0x4 C:/PROGRA~2/ARMGNU~1/133167~1.3RE/bin/../lib/gcc/arm-none-eabi/13.3.1/thumb/v7e-m+dp/hard\libc.a(libc_a-mallocr.o)
                0x2000090c                __malloc_top_pad
 .bss.__atexit0
                0x20000910      0x190 C:/PROGRA~2/ARMGNU~1/133167~1.3RE/bin/../lib/gcc/arm-none-eabi/13.3.1/thumb/v7e-m+dp/hard\libc.a(libc_a-__atexit.o)
                0x20000910                __atexit0
 .bss.TempRunTime.0
                0x20000aa0        0x8 CMakeFiles/CBS.elf.dir/main.c.obj
 .bss.i.1       0x20000aa8        0x4 CMakeFiles/CBS.elf.dir/main.c.obj
 .bss.USART2_Data
                0x20000aac        0x4 CMakeFiles/CBS.elf.dir/main.c.obj
                0x20000aac                USART2_Data
 .bss.port      0x20000ab0        0x4 CMakeFiles/CBS.elf.dir/main.c.obj
                0x20000ab0                port
 .bss.__sbrk_heap_end
                0x20000ab4        0x4 h723_core\libh723_corelib.a(syscall.c.obj)
 .bss.hRTC_Handle
                0x20000ab8       0x24 h723_core\libh723_corelib.a(stm32h7xx_hal_timebase_rtc_alarm_template.c.obj)
 .bss.uwTick    0x20000adc        0x4 h723_core\libh723_corelib.a(stm32h7xx_hal.c.obj)
                0x20000adc                uwTick
 .bss.Graphics_Memory
                0x20000ae0     0xe100 bsp\libbsplib.a(Serial.c.obj)
                0x20000ae0                Graphics_Memory
 .bss.pid_x     0x2000ebe0       0x38 project\libprojectlib.a(control.c.obj)
                0x2000ebe0                pid_x
 *(COMMON)
                0x2000ec18                        . = ALIGN (0x4)
                0x2000ec18                        _ebss = .
                0x2000ec18                        __bss_end__ = _ebss

._user_heap_stack
                0x2000ec18      0x600 load address 0x0800bc5c
                0x2000ec18                        . = ALIGN (0x8)
                [!provide]                        PROVIDE (end = .)
                0x2000ec18                        PROVIDE (_end = .)
                0x2000ee18                        . = (. + _Min_Heap_Size)
 *fill*         0x2000ec18      0x200 
                0x2000f218                        . = (. + _Min_Stack_Size)
 *fill*         0x2000ee18      0x400 
                0x2000f218                        . = ALIGN (0x8)

.ram_d1_data    0x24000000        0x0
                0x24000000                        . = ALIGN (0x4)
 *(.ram_d1_data)
                0x24000000                        . = ALIGN (0x4)

/DISCARD/
 libc.a(*)
 libm.a(*)
 libgcc.a(*)
OUTPUT(CBS.elf elf32-littlearm)
LOAD linker stubs
LOAD C:/PROGRA~2/ARMGNU~1/133167~1.3RE/bin/../lib/gcc/arm-none-eabi/13.3.1/thumb/v7e-m+dp/hard\libc.a
LOAD C:/PROGRA~2/ARMGNU~1/133167~1.3RE/bin/../lib/gcc/arm-none-eabi/13.3.1/thumb/v7e-m+dp/hard\libm.a
LOAD C:/PROGRA~2/ARMGNU~1/133167~1.3RE/bin/../lib/gcc/arm-none-eabi/13.3.1/thumb/v7e-m+dp/hard\libgcc.a

.ARM.attributes
                0x00000000       0x2e
 .ARM.attributes
                0x00000000       0x20 C:/PROGRA~2/ARMGNU~1/133167~1.3RE/bin/../lib/gcc/arm-none-eabi/13.3.1/thumb/v7e-m+dp/hard/crti.o
 .ARM.attributes
                0x00000020       0x32 C:/PROGRA~2/ARMGNU~1/133167~1.3RE/bin/../lib/gcc/arm-none-eabi/13.3.1/thumb/v7e-m+dp/hard/crtbegin.o
 .ARM.attributes
                0x00000052       0x32 C:/PROGRA~2/ARMGNU~1/133167~1.3RE/bin/../lib/gcc/arm-none-eabi/13.3.1/thumb/v7e-m+dp/hard\libc.a(libc_a-findfp.o)
 .ARM.attributes
                0x00000084       0x32 C:/PROGRA~2/ARMGNU~1/133167~1.3RE/bin/../lib/gcc/arm-none-eabi/13.3.1/thumb/v7e-m+dp/hard\libc.a(libc_a-fwalk.o)
 .ARM.attributes
                0x000000b6       0x32 C:/PROGRA~2/ARMGNU~1/133167~1.3RE/bin/../lib/gcc/arm-none-eabi/13.3.1/thumb/v7e-m+dp/hard\libc.a(libc_a-stdio.o)
 .ARM.attributes
                0x000000e8       0x32 C:/PROGRA~2/ARMGNU~1/133167~1.3RE/bin/../lib/gcc/arm-none-eabi/13.3.1/thumb/v7e-m+dp/hard\libc.a(libc_a-memset.o)
 .ARM.attributes
                0x0000011a       0x32 C:/PROGRA~2/ARMGNU~1/133167~1.3RE/bin/../lib/gcc/arm-none-eabi/13.3.1/thumb/v7e-m+dp/hard\libc.a(libc_a-closer.o)
 .ARM.attributes
                0x0000014c       0x32 C:/PROGRA~2/ARMGNU~1/133167~1.3RE/bin/../lib/gcc/arm-none-eabi/13.3.1/thumb/v7e-m+dp/hard\libc.a(libc_a-reent.o)
 .ARM.attributes
                0x0000017e       0x32 C:/PROGRA~2/ARMGNU~1/133167~1.3RE/bin/../lib/gcc/arm-none-eabi/13.3.1/thumb/v7e-m+dp/hard\libc.a(libc_a-impure.o)
 .ARM.attributes
                0x000001b0       0x32 C:/PROGRA~2/ARMGNU~1/133167~1.3RE/bin/../lib/gcc/arm-none-eabi/13.3.1/thumb/v7e-m+dp/hard\libc.a(libc_a-lseekr.o)
 .ARM.attributes
                0x000001e2       0x32 C:/PROGRA~2/ARMGNU~1/133167~1.3RE/bin/../lib/gcc/arm-none-eabi/13.3.1/thumb/v7e-m+dp/hard\libc.a(libc_a-readr.o)
 .ARM.attributes
                0x00000214       0x32 C:/PROGRA~2/ARMGNU~1/133167~1.3RE/bin/../lib/gcc/arm-none-eabi/13.3.1/thumb/v7e-m+dp/hard\libc.a(libc_a-writer.o)
 .ARM.attributes
                0x00000246       0x32 C:/PROGRA~2/ARMGNU~1/133167~1.3RE/bin/../lib/gcc/arm-none-eabi/13.3.1/thumb/v7e-m+dp/hard\libc.a(libc_a-init.o)
 .ARM.attributes
                0x00000278       0x32 C:/PROGRA~2/ARMGNU~1/133167~1.3RE/bin/../lib/gcc/arm-none-eabi/13.3.1/thumb/v7e-m+dp/hard\libc.a(libc_a-lock.o)
 .ARM.attributes
                0x000002aa       0x32 C:/PROGRA~2/ARMGNU~1/133167~1.3RE/bin/../lib/gcc/arm-none-eabi/13.3.1/thumb/v7e-m+dp/hard\libc.a(libc_a-__call_atexit.o)
 .ARM.attributes
                0x000002dc       0x32 C:/PROGRA~2/ARMGNU~1/133167~1.3RE/bin/../lib/gcc/arm-none-eabi/13.3.1/thumb/v7e-m+dp/hard\libc.a(libc_a-atexit.o)
 .ARM.attributes
                0x0000030e       0x32 C:/PROGRA~2/ARMGNU~1/133167~1.3RE/bin/../lib/gcc/arm-none-eabi/13.3.1/thumb/v7e-m+dp/hard\libc.a(libc_a-freer.o)
 .ARM.attributes
                0x00000340       0x32 C:/PROGRA~2/ARMGNU~1/133167~1.3RE/bin/../lib/gcc/arm-none-eabi/13.3.1/thumb/v7e-m+dp/hard\libc.a(libc_a-mallocr.o)
 .ARM.attributes
                0x00000372       0x32 C:/PROGRA~2/ARMGNU~1/133167~1.3RE/bin/../lib/gcc/arm-none-eabi/13.3.1/thumb/v7e-m+dp/hard\libc.a(libc_a-mlock.o)
 .ARM.attributes
                0x000003a4       0x32 C:/PROGRA~2/ARMGNU~1/133167~1.3RE/bin/../lib/gcc/arm-none-eabi/13.3.1/thumb/v7e-m+dp/hard\libc.a(libc_a-fclose.o)
 .ARM.attributes
                0x000003d6       0x32 C:/PROGRA~2/ARMGNU~1/133167~1.3RE/bin/../lib/gcc/arm-none-eabi/13.3.1/thumb/v7e-m+dp/hard\libc.a(libc_a-fflush.o)
 .ARM.attributes
                0x00000408       0x32 C:/PROGRA~2/ARMGNU~1/133167~1.3RE/bin/../lib/gcc/arm-none-eabi/13.3.1/thumb/v7e-m+dp/hard\libc.a(libc_a-sbrkr.o)
 .ARM.attributes
                0x0000043a       0x32 C:/PROGRA~2/ARMGNU~1/133167~1.3RE/bin/../lib/gcc/arm-none-eabi/13.3.1/thumb/v7e-m+dp/hard\libc.a(libc_a-fini.o)
 .ARM.attributes
                0x0000046c       0x32 C:/PROGRA~2/ARMGNU~1/133167~1.3RE/bin/../lib/gcc/arm-none-eabi/13.3.1/thumb/v7e-m+dp/hard\libc.a(libc_a-sysconf.o)
 .ARM.attributes
                0x0000049e       0x32 C:/PROGRA~2/ARMGNU~1/133167~1.3RE/bin/../lib/gcc/arm-none-eabi/13.3.1/thumb/v7e-m+dp/hard\libc.a(libc_a-__atexit.o)
 .ARM.attributes
                0x000004d0       0x32 C:/PROGRA~2/ARMGNU~1/133167~1.3RE/bin/../lib/gcc/arm-none-eabi/13.3.1/thumb/v7e-m+dp/hard\libc.a(libc_a-errno.o)
 .ARM.attributes
                0x00000502       0x32 CMakeFiles/CBS.elf.dir/main.c.obj
 .ARM.attributes
                0x00000534       0x21 h723_core\libh723_corelib.a(startup_stm32h723xx.s.obj)
 .ARM.attributes
                0x00000555       0x32 h723_core\libh723_corelib.a(syscall.c.obj)
 .ARM.attributes
                0x00000587       0x32 h723_core\libh723_corelib.a(system_stm32h7xx.c.obj)
 .ARM.attributes
                0x000005b9       0x32 h723_core\libh723_corelib.a(stm32h7xx_hal_pwr_ex.c.obj)
 .ARM.attributes
                0x000005eb       0x32 h723_core\libh723_corelib.a(stm32h7xx_hal_rcc.c.obj)
 .ARM.attributes
                0x0000061d       0x32 h723_core\libh723_corelib.a(stm32h7xx_hal_timebase_rtc_alarm_template.c.obj)
 .ARM.attributes
                0x0000064f       0x32 h723_core\libh723_corelib.a(stm32h7xx_hal.c.obj)
 .ARM.attributes
                0x00000681       0x32 h723_core\libh723_corelib.a(stm32h7xx_hal_cortex.c.obj)
 .ARM.attributes
                0x000006b3       0x32 h723_core\libh723_corelib.a(stm32h7xx_hal_rcc_ex.c.obj)
 .ARM.attributes
                0x000006e5       0x32 h723_core\libh723_corelib.a(stm32h7xx_hal_rtc.c.obj)
 .ARM.attributes
                0x00000717       0x32 h723_core\libh723_corelib.a(stm32h7xx_hal_rtc_ex.c.obj)
 .ARM.attributes
                0x00000749       0x32 bsp\libbsplib.a(Serial.c.obj)
 .ARM.attributes
                0x0000077b       0x32 bsp\libbsplib.a(sysport.c.obj)
 .ARM.attributes
                0x000007ad       0x32 bsp\libbsplib.a(h723_gpio.c.obj)
 .ARM.attributes
                0x000007df       0x32 bsp\libbsplib.a(h723_tim.c.obj)
 .ARM.attributes
                0x00000811       0x32 bsp\libbsplib.a(h723_usart.c.obj)
 .ARM.attributes
                0x00000843       0x32 project\libprojectlib.a(control.c.obj)
 .ARM.attributes
                0x00000875       0x32 project\libprojectlib.a(pid.c.obj)
 .ARM.attributes
                0x000008a7       0x32 project\libprojectlib.a(led.c.obj)
 .ARM.attributes
                0x000008d9       0x32 project\libprojectlib.a(tim.c.obj)
 .ARM.attributes
                0x0000090b       0x32 project\libprojectlib.a(usart.c.obj)
 .ARM.attributes
                0x0000093d       0x32 C:/PROGRA~2/ARMGNU~1/133167~1.3RE/bin/../lib/gcc/arm-none-eabi/13.3.1/thumb/v7e-m+dp/hard\libg.a(libc_a-printf.o)
 .ARM.attributes
                0x0000096f       0x32 C:/PROGRA~2/ARMGNU~1/133167~1.3RE/bin/../lib/gcc/arm-none-eabi/13.3.1/thumb/v7e-m+dp/hard\libg.a(libc_a-putchar.o)
 .ARM.attributes
                0x000009a1       0x32 C:/PROGRA~2/ARMGNU~1/133167~1.3RE/bin/../lib/gcc/arm-none-eabi/13.3.1/thumb/v7e-m+dp/hard\libg.a(libc_a-vsprintf.o)
 .ARM.attributes
                0x000009d3       0x1e C:/PROGRA~2/ARMGNU~1/133167~1.3RE/bin/../lib/gcc/arm-none-eabi/13.3.1/thumb/v7e-m+dp/hard\libg.a(libc_a-memcpy.o)
 .ARM.attributes
                0x000009f1       0x32 C:/PROGRA~2/ARMGNU~1/133167~1.3RE/bin/../lib/gcc/arm-none-eabi/13.3.1/thumb/v7e-m+dp/hard\libg.a(libc_a-svfprintf.o)
 .ARM.attributes
                0x00000a23       0x32 C:/PROGRA~2/ARMGNU~1/133167~1.3RE/bin/../lib/gcc/arm-none-eabi/13.3.1/thumb/v7e-m+dp/hard\libg.a(libc_a-vfprintf.o)
 .ARM.attributes
                0x00000a55       0x32 C:/PROGRA~2/ARMGNU~1/133167~1.3RE/bin/../lib/gcc/arm-none-eabi/13.3.1/thumb/v7e-m+dp/hard\libg.a(libc_a-sprint_r.o)
 .ARM.attributes
                0x00000a87       0x32 C:/PROGRA~2/ARMGNU~1/133167~1.3RE/bin/../lib/gcc/arm-none-eabi/13.3.1/thumb/v7e-m+dp/hard\libg.a(libc_a-ssprint_r.o)
 .ARM.attributes
                0x00000ab9       0x32 C:/PROGRA~2/ARMGNU~1/133167~1.3RE/bin/../lib/gcc/arm-none-eabi/13.3.1/thumb/v7e-m+dp/hard\libg.a(libc_a-fvwrite.o)
 .ARM.attributes
                0x00000aeb       0x32 C:/PROGRA~2/ARMGNU~1/133167~1.3RE/bin/../lib/gcc/arm-none-eabi/13.3.1/thumb/v7e-m+dp/hard\libg.a(libc_a-putc.o)
 .ARM.attributes
                0x00000b1d       0x32 C:/PROGRA~2/ARMGNU~1/133167~1.3RE/bin/../lib/gcc/arm-none-eabi/13.3.1/thumb/v7e-m+dp/hard\libg.a(libc_a-wbuf.o)
 .ARM.attributes
                0x00000b4f       0x32 C:/PROGRA~2/ARMGNU~1/133167~1.3RE/bin/../lib/gcc/arm-none-eabi/13.3.1/thumb/v7e-m+dp/hard\libg.a(libc_a-wsetup.o)
 .ARM.attributes
                0x00000b81       0x32 C:/PROGRA~2/ARMGNU~1/133167~1.3RE/bin/../lib/gcc/arm-none-eabi/13.3.1/thumb/v7e-m+dp/hard\libg.a(libc_a-memmove.o)
 .ARM.attributes
                0x00000bb3       0x32 C:/PROGRA~2/ARMGNU~1/133167~1.3RE/bin/../lib/gcc/arm-none-eabi/13.3.1/thumb/v7e-m+dp/hard\libg.a(libc_a-strncpy.o)
 .ARM.attributes
                0x00000be5       0x32 C:/PROGRA~2/ARMGNU~1/133167~1.3RE/bin/../lib/gcc/arm-none-eabi/13.3.1/thumb/v7e-m+dp/hard\libg.a(libc_a-locale.o)
 .ARM.attributes
                0x00000c17       0x32 C:/PROGRA~2/ARMGNU~1/133167~1.3RE/bin/../lib/gcc/arm-none-eabi/13.3.1/thumb/v7e-m+dp/hard\libg.a(libc_a-localeconv.o)
 .ARM.attributes
                0x00000c49       0x1c C:/PROGRA~2/ARMGNU~1/133167~1.3RE/bin/../lib/gcc/arm-none-eabi/13.3.1/thumb/v7e-m+dp/hard\libg.a(libc_a-memchr.o)
 .ARM.attributes
                0x00000c65       0x1c C:/PROGRA~2/ARMGNU~1/133167~1.3RE/bin/../lib/gcc/arm-none-eabi/13.3.1/thumb/v7e-m+dp/hard\libg.a(libc_a-strlen.o)
 .ARM.attributes
                0x00000c81       0x32 C:/PROGRA~2/ARMGNU~1/133167~1.3RE/bin/../lib/gcc/arm-none-eabi/13.3.1/thumb/v7e-m+dp/hard\libg.a(libm_a-s_frexp.o)
 .ARM.attributes
                0x00000cb3       0x32 C:/PROGRA~2/ARMGNU~1/133167~1.3RE/bin/../lib/gcc/arm-none-eabi/13.3.1/thumb/v7e-m+dp/hard\libg.a(libc_a-dtoa.o)
 .ARM.attributes
                0x00000ce5       0x32 C:/PROGRA~2/ARMGNU~1/133167~1.3RE/bin/../lib/gcc/arm-none-eabi/13.3.1/thumb/v7e-m+dp/hard\libg.a(libc_a-mbtowc_r.o)
 .ARM.attributes
                0x00000d17       0x32 C:/PROGRA~2/ARMGNU~1/133167~1.3RE/bin/../lib/gcc/arm-none-eabi/13.3.1/thumb/v7e-m+dp/hard\libg.a(libc_a-mprec.o)
 .ARM.attributes
                0x00000d49       0x32 C:/PROGRA~2/ARMGNU~1/133167~1.3RE/bin/../lib/gcc/arm-none-eabi/13.3.1/thumb/v7e-m+dp/hard\libg.a(libc_a-reallocr.o)
 .ARM.attributes
                0x00000d7b       0x32 C:/PROGRA~2/ARMGNU~1/133167~1.3RE/bin/../lib/gcc/arm-none-eabi/13.3.1/thumb/v7e-m+dp/hard\libg.a(libc_a-wctomb_r.o)
 .ARM.attributes
                0x00000dad       0x32 C:/PROGRA~2/ARMGNU~1/133167~1.3RE/bin/../lib/gcc/arm-none-eabi/13.3.1/thumb/v7e-m+dp/hard\libg.a(libc_a-wcrtomb.o)
 .ARM.attributes
                0x00000ddf       0x32 C:/PROGRA~2/ARMGNU~1/133167~1.3RE/bin/../lib/gcc/arm-none-eabi/13.3.1/thumb/v7e-m+dp/hard\libg.a(libc_a-wcsrtombs.o)
 .ARM.attributes
                0x00000e11       0x32 C:/PROGRA~2/ARMGNU~1/133167~1.3RE/bin/../lib/gcc/arm-none-eabi/13.3.1/thumb/v7e-m+dp/hard\libg.a(libc_a-ctype_.o)
 .ARM.attributes
                0x00000e43       0x32 C:/PROGRA~2/ARMGNU~1/133167~1.3RE/bin/../lib/gcc/arm-none-eabi/13.3.1/thumb/v7e-m+dp/hard\libg.a(libc_a-ssputs_r.o)
 .ARM.attributes
                0x00000e75       0x32 C:/PROGRA~2/ARMGNU~1/133167~1.3RE/bin/../lib/gcc/arm-none-eabi/13.3.1/thumb/v7e-m+dp/hard\libg.a(libc_a-makebuf.o)
 .ARM.attributes
                0x00000ea7       0x32 C:/PROGRA~2/ARMGNU~1/133167~1.3RE/bin/../lib/gcc/arm-none-eabi/13.3.1/thumb/v7e-m+dp/hard\libg.a(libc_a-fstatr.o)
 .ARM.attributes
                0x00000ed9       0x32 C:/PROGRA~2/ARMGNU~1/133167~1.3RE/bin/../lib/gcc/arm-none-eabi/13.3.1/thumb/v7e-m+dp/hard\libg.a(libc_a-isattyr.o)
 .ARM.attributes
                0x00000f0b       0x32 C:/PROGRA~2/ARMGNU~1/133167~1.3RE/bin/../lib/gcc/arm-none-eabi/13.3.1/thumb/v7e-m+dp/hard\libg.a(libc_a-assert.o)
 .ARM.attributes
                0x00000f3d       0x32 C:/PROGRA~2/ARMGNU~1/133167~1.3RE/bin/../lib/gcc/arm-none-eabi/13.3.1/thumb/v7e-m+dp/hard\libg.a(libc_a-callocr.o)
 .ARM.attributes
                0x00000f6f       0x32 C:/PROGRA~2/ARMGNU~1/133167~1.3RE/bin/../lib/gcc/arm-none-eabi/13.3.1/thumb/v7e-m+dp/hard\libg.a(libc_a-wcsnrtombs.o)
 .ARM.attributes
                0x00000fa1       0x32 C:/PROGRA~2/ARMGNU~1/133167~1.3RE/bin/../lib/gcc/arm-none-eabi/13.3.1/thumb/v7e-m+dp/hard\libg.a(libc_a-fiprintf.o)
 .ARM.attributes
                0x00000fd3       0x32 C:/PROGRA~2/ARMGNU~1/133167~1.3RE/bin/../lib/gcc/arm-none-eabi/13.3.1/thumb/v7e-m+dp/hard\libg.a(libc_a-vfiprintf.o)
 .ARM.attributes
                0x00001005       0x32 C:/PROGRA~2/ARMGNU~1/133167~1.3RE/bin/../lib/gcc/arm-none-eabi/13.3.1/thumb/v7e-m+dp/hard\libg.a(libc_a-abort.o)
 .ARM.attributes
                0x00001037       0x32 C:/PROGRA~2/ARMGNU~1/133167~1.3RE/bin/../lib/gcc/arm-none-eabi/13.3.1/thumb/v7e-m+dp/hard\libg.a(libc_a-signal.o)
 .ARM.attributes
                0x00001069       0x32 C:/PROGRA~2/ARMGNU~1/133167~1.3RE/bin/../lib/gcc/arm-none-eabi/13.3.1/thumb/v7e-m+dp/hard\libg.a(libc_a-signalr.o)
 .ARM.attributes
                0x0000109b       0x32 C:/PROGRA~2/ARMGNU~1/133167~1.3RE/bin/../lib/gcc/arm-none-eabi/13.3.1/thumb/v7e-m+dp/hard/crtend.o
 .ARM.attributes
                0x000010cd       0x20 C:/PROGRA~2/ARMGNU~1/133167~1.3RE/bin/../lib/gcc/arm-none-eabi/13.3.1/thumb/v7e-m+dp/hard/crtn.o

.comment        0x00000000       0x45
 .comment       0x00000000       0x45 CMakeFiles/CBS.elf.dir/main.c.obj
                                 0x46 (size before relaxing)
 .comment       0x00000045       0x46 h723_core\libh723_corelib.a(syscall.c.obj)
 .comment       0x00000045       0x46 h723_core\libh723_corelib.a(system_stm32h7xx.c.obj)
 .comment       0x00000045       0x46 h723_core\libh723_corelib.a(stm32h7xx_hal_pwr_ex.c.obj)
 .comment       0x00000045       0x46 h723_core\libh723_corelib.a(stm32h7xx_hal_rcc.c.obj)
 .comment       0x00000045       0x46 h723_core\libh723_corelib.a(stm32h7xx_hal_timebase_rtc_alarm_template.c.obj)
 .comment       0x00000045       0x46 h723_core\libh723_corelib.a(stm32h7xx_hal.c.obj)
 .comment       0x00000045       0x46 h723_core\libh723_corelib.a(stm32h7xx_hal_cortex.c.obj)
 .comment       0x00000045       0x46 h723_core\libh723_corelib.a(stm32h7xx_hal_rcc_ex.c.obj)
 .comment       0x00000045       0x46 h723_core\libh723_corelib.a(stm32h7xx_hal_rtc.c.obj)
 .comment       0x00000045       0x46 h723_core\libh723_corelib.a(stm32h7xx_hal_rtc_ex.c.obj)
 .comment       0x00000045       0x46 bsp\libbsplib.a(Serial.c.obj)
 .comment       0x00000045       0x46 bsp\libbsplib.a(sysport.c.obj)
 .comment       0x00000045       0x46 bsp\libbsplib.a(h723_gpio.c.obj)
 .comment       0x00000045       0x46 bsp\libbsplib.a(h723_tim.c.obj)
 .comment       0x00000045       0x46 bsp\libbsplib.a(h723_usart.c.obj)
 .comment       0x00000045       0x46 project\libprojectlib.a(control.c.obj)
 .comment       0x00000045       0x46 project\libprojectlib.a(pid.c.obj)
 .comment       0x00000045       0x46 project\libprojectlib.a(led.c.obj)
 .comment       0x00000045       0x46 project\libprojectlib.a(tim.c.obj)
 .comment       0x00000045       0x46 project\libprojectlib.a(usart.c.obj)

.debug_frame    0x00000000     0x3114
 .debug_frame   0x00000000      0x13c C:/PROGRA~2/ARMGNU~1/133167~1.3RE/bin/../lib/gcc/arm-none-eabi/13.3.1/thumb/v7e-m+dp/hard\libc.a(libc_a-findfp.o)
 .debug_frame   0x0000013c       0x34 C:/PROGRA~2/ARMGNU~1/133167~1.3RE/bin/../lib/gcc/arm-none-eabi/13.3.1/thumb/v7e-m+dp/hard\libc.a(libc_a-fwalk.o)
 .debug_frame   0x00000170       0x8c C:/PROGRA~2/ARMGNU~1/133167~1.3RE/bin/../lib/gcc/arm-none-eabi/13.3.1/thumb/v7e-m+dp/hard\libc.a(libc_a-stdio.o)
 .debug_frame   0x000001fc       0x2c C:/PROGRA~2/ARMGNU~1/133167~1.3RE/bin/../lib/gcc/arm-none-eabi/13.3.1/thumb/v7e-m+dp/hard\libc.a(libc_a-memset.o)
 .debug_frame   0x00000228       0x2c C:/PROGRA~2/ARMGNU~1/133167~1.3RE/bin/../lib/gcc/arm-none-eabi/13.3.1/thumb/v7e-m+dp/hard\libc.a(libc_a-closer.o)
 .debug_frame   0x00000254       0x3c C:/PROGRA~2/ARMGNU~1/133167~1.3RE/bin/../lib/gcc/arm-none-eabi/13.3.1/thumb/v7e-m+dp/hard\libc.a(libc_a-reent.o)
 .debug_frame   0x00000290       0x2c C:/PROGRA~2/ARMGNU~1/133167~1.3RE/bin/../lib/gcc/arm-none-eabi/13.3.1/thumb/v7e-m+dp/hard\libc.a(libc_a-lseekr.o)
 .debug_frame   0x000002bc       0x2c C:/PROGRA~2/ARMGNU~1/133167~1.3RE/bin/../lib/gcc/arm-none-eabi/13.3.1/thumb/v7e-m+dp/hard\libc.a(libc_a-readr.o)
 .debug_frame   0x000002e8       0x2c C:/PROGRA~2/ARMGNU~1/133167~1.3RE/bin/../lib/gcc/arm-none-eabi/13.3.1/thumb/v7e-m+dp/hard\libc.a(libc_a-writer.o)
 .debug_frame   0x00000314       0x2c C:/PROGRA~2/ARMGNU~1/133167~1.3RE/bin/../lib/gcc/arm-none-eabi/13.3.1/thumb/v7e-m+dp/hard\libc.a(libc_a-init.o)
 .debug_frame   0x00000340       0xb0 C:/PROGRA~2/ARMGNU~1/133167~1.3RE/bin/../lib/gcc/arm-none-eabi/13.3.1/thumb/v7e-m+dp/hard\libc.a(libc_a-lock.o)
 .debug_frame   0x000003f0       0x5c C:/PROGRA~2/ARMGNU~1/133167~1.3RE/bin/../lib/gcc/arm-none-eabi/13.3.1/thumb/v7e-m+dp/hard\libc.a(libc_a-__call_atexit.o)
 .debug_frame   0x0000044c       0x20 C:/PROGRA~2/ARMGNU~1/133167~1.3RE/bin/../lib/gcc/arm-none-eabi/13.3.1/thumb/v7e-m+dp/hard\libc.a(libc_a-atexit.o)
 .debug_frame   0x0000046c       0x78 C:/PROGRA~2/ARMGNU~1/133167~1.3RE/bin/../lib/gcc/arm-none-eabi/13.3.1/thumb/v7e-m+dp/hard\libc.a(libc_a-freer.o)
 .debug_frame   0x000004e4       0x48 C:/PROGRA~2/ARMGNU~1/133167~1.3RE/bin/../lib/gcc/arm-none-eabi/13.3.1/thumb/v7e-m+dp/hard\libc.a(libc_a-mallocr.o)
 .debug_frame   0x0000052c       0x30 C:/PROGRA~2/ARMGNU~1/133167~1.3RE/bin/../lib/gcc/arm-none-eabi/13.3.1/thumb/v7e-m+dp/hard\libc.a(libc_a-mlock.o)
 .debug_frame   0x0000055c       0x3c C:/PROGRA~2/ARMGNU~1/133167~1.3RE/bin/../lib/gcc/arm-none-eabi/13.3.1/thumb/v7e-m+dp/hard\libc.a(libc_a-fclose.o)
 .debug_frame   0x00000598       0x70 C:/PROGRA~2/ARMGNU~1/133167~1.3RE/bin/../lib/gcc/arm-none-eabi/13.3.1/thumb/v7e-m+dp/hard\libc.a(libc_a-fflush.o)
 .debug_frame   0x00000608       0x2c C:/PROGRA~2/ARMGNU~1/133167~1.3RE/bin/../lib/gcc/arm-none-eabi/13.3.1/thumb/v7e-m+dp/hard\libc.a(libc_a-sbrkr.o)
 .debug_frame   0x00000634       0x34 C:/PROGRA~2/ARMGNU~1/133167~1.3RE/bin/../lib/gcc/arm-none-eabi/13.3.1/thumb/v7e-m+dp/hard\libc.a(libc_a-fini.o)
 .debug_frame   0x00000668       0x28 C:/PROGRA~2/ARMGNU~1/133167~1.3RE/bin/../lib/gcc/arm-none-eabi/13.3.1/thumb/v7e-m+dp/hard\libc.a(libc_a-sysconf.o)
 .debug_frame   0x00000690       0x34 C:/PROGRA~2/ARMGNU~1/133167~1.3RE/bin/../lib/gcc/arm-none-eabi/13.3.1/thumb/v7e-m+dp/hard\libc.a(libc_a-__atexit.o)
 .debug_frame   0x000006c4       0x20 C:/PROGRA~2/ARMGNU~1/133167~1.3RE/bin/../lib/gcc/arm-none-eabi/13.3.1/thumb/v7e-m+dp/hard\libc.a(libc_a-errno.o)
 .debug_frame   0x000006e4       0x94 CMakeFiles/CBS.elf.dir/main.c.obj
 .debug_frame   0x00000778      0x1fc h723_core\libh723_corelib.a(syscall.c.obj)
 .debug_frame   0x00000974       0x4c h723_core\libh723_corelib.a(system_stm32h7xx.c.obj)
 .debug_frame   0x000009c0      0x2d4 h723_core\libh723_corelib.a(stm32h7xx_hal_pwr_ex.c.obj)
 .debug_frame   0x00000c94      0x184 h723_core\libh723_corelib.a(stm32h7xx_hal_rcc.c.obj)
 .debug_frame   0x00000e18       0x90 h723_core\libh723_corelib.a(stm32h7xx_hal_timebase_rtc_alarm_template.c.obj)
 .debug_frame   0x00000ea8      0x3c0 h723_core\libh723_corelib.a(stm32h7xx_hal.c.obj)
 .debug_frame   0x00001268      0x214 h723_core\libh723_corelib.a(stm32h7xx_hal_cortex.c.obj)
 .debug_frame   0x0000147c      0x284 h723_core\libh723_corelib.a(stm32h7xx_hal_rcc_ex.c.obj)
 .debug_frame   0x00001700      0x228 h723_core\libh723_corelib.a(stm32h7xx_hal_rtc.c.obj)
 .debug_frame   0x00001928      0x36c h723_core\libh723_corelib.a(stm32h7xx_hal_rtc_ex.c.obj)
 .debug_frame   0x00001c94      0x208 bsp\libbsplib.a(Serial.c.obj)
 .debug_frame   0x00001e9c       0x30 bsp\libbsplib.a(sysport.c.obj)
 .debug_frame   0x00001ecc       0xbc bsp\libbsplib.a(h723_gpio.c.obj)
 .debug_frame   0x00001f88       0x44 bsp\libbsplib.a(h723_tim.c.obj)
 .debug_frame   0x00001fcc       0x2c bsp\libbsplib.a(h723_usart.c.obj)
 .debug_frame   0x00001ff8       0x48 project\libprojectlib.a(control.c.obj)
 .debug_frame   0x00002040       0x48 project\libprojectlib.a(pid.c.obj)
 .debug_frame   0x00002088       0x68 project\libprojectlib.a(led.c.obj)
 .debug_frame   0x000020f0       0x40 project\libprojectlib.a(tim.c.obj)
 .debug_frame   0x00002130       0x48 project\libprojectlib.a(usart.c.obj)
 .debug_frame   0x00002178       0x74 C:/PROGRA~2/ARMGNU~1/133167~1.3RE/bin/../lib/gcc/arm-none-eabi/13.3.1/thumb/v7e-m+dp/hard\libg.a(libc_a-printf.o)
 .debug_frame   0x000021ec       0x30 C:/PROGRA~2/ARMGNU~1/133167~1.3RE/bin/../lib/gcc/arm-none-eabi/13.3.1/thumb/v7e-m+dp/hard\libg.a(libc_a-putchar.o)
 .debug_frame   0x0000221c       0x54 C:/PROGRA~2/ARMGNU~1/133167~1.3RE/bin/../lib/gcc/arm-none-eabi/13.3.1/thumb/v7e-m+dp/hard\libg.a(libc_a-vsprintf.o)
 .debug_frame   0x00002270       0x5c C:/PROGRA~2/ARMGNU~1/133167~1.3RE/bin/../lib/gcc/arm-none-eabi/13.3.1/thumb/v7e-m+dp/hard\libg.a(libc_a-svfprintf.o)
 .debug_frame   0x000022cc       0xb0 C:/PROGRA~2/ARMGNU~1/133167~1.3RE/bin/../lib/gcc/arm-none-eabi/13.3.1/thumb/v7e-m+dp/hard\libg.a(libc_a-vfprintf.o)
 .debug_frame   0x0000237c       0x28 C:/PROGRA~2/ARMGNU~1/133167~1.3RE/bin/../lib/gcc/arm-none-eabi/13.3.1/thumb/v7e-m+dp/hard\libg.a(libc_a-sprint_r.o)
 .debug_frame   0x000023a4       0x34 C:/PROGRA~2/ARMGNU~1/133167~1.3RE/bin/../lib/gcc/arm-none-eabi/13.3.1/thumb/v7e-m+dp/hard\libg.a(libc_a-ssprint_r.o)
 .debug_frame   0x000023d8       0x64 C:/PROGRA~2/ARMGNU~1/133167~1.3RE/bin/../lib/gcc/arm-none-eabi/13.3.1/thumb/v7e-m+dp/hard\libg.a(libc_a-fvwrite.o)
 .debug_frame   0x0000243c       0x48 C:/PROGRA~2/ARMGNU~1/133167~1.3RE/bin/../lib/gcc/arm-none-eabi/13.3.1/thumb/v7e-m+dp/hard\libg.a(libc_a-putc.o)
 .debug_frame   0x00002484       0x4c C:/PROGRA~2/ARMGNU~1/133167~1.3RE/bin/../lib/gcc/arm-none-eabi/13.3.1/thumb/v7e-m+dp/hard\libg.a(libc_a-wbuf.o)
 .debug_frame   0x000024d0       0x2c C:/PROGRA~2/ARMGNU~1/133167~1.3RE/bin/../lib/gcc/arm-none-eabi/13.3.1/thumb/v7e-m+dp/hard\libg.a(libc_a-wsetup.o)
 .debug_frame   0x000024fc       0x40 C:/PROGRA~2/ARMGNU~1/133167~1.3RE/bin/../lib/gcc/arm-none-eabi/13.3.1/thumb/v7e-m+dp/hard\libg.a(libc_a-memmove.o)
 .debug_frame   0x0000253c       0x28 C:/PROGRA~2/ARMGNU~1/133167~1.3RE/bin/../lib/gcc/arm-none-eabi/13.3.1/thumb/v7e-m+dp/hard\libg.a(libc_a-strncpy.o)
 .debug_frame   0x00002564       0xe8 C:/PROGRA~2/ARMGNU~1/133167~1.3RE/bin/../lib/gcc/arm-none-eabi/13.3.1/thumb/v7e-m+dp/hard\libg.a(libc_a-locale.o)
 .debug_frame   0x0000264c       0x40 C:/PROGRA~2/ARMGNU~1/133167~1.3RE/bin/../lib/gcc/arm-none-eabi/13.3.1/thumb/v7e-m+dp/hard\libg.a(libc_a-localeconv.o)
 .debug_frame   0x0000268c       0x34 C:/PROGRA~2/ARMGNU~1/133167~1.3RE/bin/../lib/gcc/arm-none-eabi/13.3.1/thumb/v7e-m+dp/hard\libg.a(libm_a-s_frexp.o)
 .debug_frame   0x000026c0       0xa0 C:/PROGRA~2/ARMGNU~1/133167~1.3RE/bin/../lib/gcc/arm-none-eabi/13.3.1/thumb/v7e-m+dp/hard\libg.a(libc_a-dtoa.o)
 .debug_frame   0x00002760      0x130 C:/PROGRA~2/ARMGNU~1/133167~1.3RE/bin/../lib/gcc/arm-none-eabi/13.3.1/thumb/v7e-m+dp/hard\libg.a(libc_a-mbtowc_r.o)
 .debug_frame   0x00002890      0x27c C:/PROGRA~2/ARMGNU~1/133167~1.3RE/bin/../lib/gcc/arm-none-eabi/13.3.1/thumb/v7e-m+dp/hard\libg.a(libc_a-mprec.o)
 .debug_frame   0x00002b0c       0x48 C:/PROGRA~2/ARMGNU~1/133167~1.3RE/bin/../lib/gcc/arm-none-eabi/13.3.1/thumb/v7e-m+dp/hard\libg.a(libc_a-reallocr.o)
 .debug_frame   0x00002b54       0x8c C:/PROGRA~2/ARMGNU~1/133167~1.3RE/bin/../lib/gcc/arm-none-eabi/13.3.1/thumb/v7e-m+dp/hard\libg.a(libc_a-wctomb_r.o)
 .debug_frame   0x00002be0       0x60 C:/PROGRA~2/ARMGNU~1/133167~1.3RE/bin/../lib/gcc/arm-none-eabi/13.3.1/thumb/v7e-m+dp/hard\libg.a(libc_a-wcrtomb.o)
 .debug_frame   0x00002c40       0x50 C:/PROGRA~2/ARMGNU~1/133167~1.3RE/bin/../lib/gcc/arm-none-eabi/13.3.1/thumb/v7e-m+dp/hard\libg.a(libc_a-wcsrtombs.o)
 .debug_frame   0x00002c90       0x20 C:/PROGRA~2/ARMGNU~1/133167~1.3RE/bin/../lib/gcc/arm-none-eabi/13.3.1/thumb/v7e-m+dp/hard\libg.a(libc_a-ctype_.o)
 .debug_frame   0x00002cb0       0x34 C:/PROGRA~2/ARMGNU~1/133167~1.3RE/bin/../lib/gcc/arm-none-eabi/13.3.1/thumb/v7e-m+dp/hard\libg.a(libc_a-ssputs_r.o)
 .debug_frame   0x00002ce4       0x70 C:/PROGRA~2/ARMGNU~1/133167~1.3RE/bin/../lib/gcc/arm-none-eabi/13.3.1/thumb/v7e-m+dp/hard\libg.a(libc_a-makebuf.o)
 .debug_frame   0x00002d54       0x2c C:/PROGRA~2/ARMGNU~1/133167~1.3RE/bin/../lib/gcc/arm-none-eabi/13.3.1/thumb/v7e-m+dp/hard\libg.a(libc_a-fstatr.o)
 .debug_frame   0x00002d80       0x2c C:/PROGRA~2/ARMGNU~1/133167~1.3RE/bin/../lib/gcc/arm-none-eabi/13.3.1/thumb/v7e-m+dp/hard\libg.a(libc_a-isattyr.o)
 .debug_frame   0x00002dac       0x40 C:/PROGRA~2/ARMGNU~1/133167~1.3RE/bin/../lib/gcc/arm-none-eabi/13.3.1/thumb/v7e-m+dp/hard\libg.a(libc_a-assert.o)
 .debug_frame   0x00002dec       0x2c C:/PROGRA~2/ARMGNU~1/133167~1.3RE/bin/../lib/gcc/arm-none-eabi/13.3.1/thumb/v7e-m+dp/hard\libg.a(libc_a-callocr.o)
 .debug_frame   0x00002e18       0x88 C:/PROGRA~2/ARMGNU~1/133167~1.3RE/bin/../lib/gcc/arm-none-eabi/13.3.1/thumb/v7e-m+dp/hard\libg.a(libc_a-wcsnrtombs.o)
 .debug_frame   0x00002ea0       0x70 C:/PROGRA~2/ARMGNU~1/133167~1.3RE/bin/../lib/gcc/arm-none-eabi/13.3.1/thumb/v7e-m+dp/hard\libg.a(libc_a-fiprintf.o)
 .debug_frame   0x00002f10       0x88 C:/PROGRA~2/ARMGNU~1/133167~1.3RE/bin/../lib/gcc/arm-none-eabi/13.3.1/thumb/v7e-m+dp/hard\libg.a(libc_a-vfiprintf.o)
 .debug_frame   0x00002f98       0x28 C:/PROGRA~2/ARMGNU~1/133167~1.3RE/bin/../lib/gcc/arm-none-eabi/13.3.1/thumb/v7e-m+dp/hard\libg.a(libc_a-abort.o)
 .debug_frame   0x00002fc0      0x118 C:/PROGRA~2/ARMGNU~1/133167~1.3RE/bin/../lib/gcc/arm-none-eabi/13.3.1/thumb/v7e-m+dp/hard\libg.a(libc_a-signal.o)
 .debug_frame   0x000030d8       0x3c C:/PROGRA~2/ARMGNU~1/133167~1.3RE/bin/../lib/gcc/arm-none-eabi/13.3.1/thumb/v7e-m+dp/hard\libg.a(libc_a-signalr.o)

.debug_info     0x00000000    0x1347c
 .debug_info    0x00000000      0xe8f CMakeFiles/CBS.elf.dir/main.c.obj
 .debug_info    0x00000e8f       0x30 h723_core\libh723_corelib.a(startup_stm32h723xx.s.obj)
 .debug_info    0x00000ebf     0x1bcd h723_core\libh723_corelib.a(syscall.c.obj)
 .debug_info    0x00002a8c      0xb6a h723_core\libh723_corelib.a(system_stm32h7xx.c.obj)
 .debug_info    0x000035f6      0xf2c h723_core\libh723_corelib.a(stm32h7xx_hal_pwr_ex.c.obj)
 .debug_info    0x00004522     0x1046 h723_core\libh723_corelib.a(stm32h7xx_hal_rcc.c.obj)
 .debug_info    0x00005568     0x14fd h723_core\libh723_corelib.a(stm32h7xx_hal_timebase_rtc_alarm_template.c.obj)
 .debug_info    0x00006a65     0x1796 h723_core\libh723_corelib.a(stm32h7xx_hal.c.obj)
 .debug_info    0x000081fb     0x130e h723_core\libh723_corelib.a(stm32h7xx_hal_cortex.c.obj)
 .debug_info    0x00009509     0x1984 h723_core\libh723_corelib.a(stm32h7xx_hal_rcc_ex.c.obj)
 .debug_info    0x0000ae8d     0x122e h723_core\libh723_corelib.a(stm32h7xx_hal_rtc.c.obj)
 .debug_info    0x0000c0bb     0x14a7 h723_core\libh723_corelib.a(stm32h7xx_hal_rtc_ex.c.obj)
 .debug_info    0x0000d562     0x18b9 bsp\libbsplib.a(Serial.c.obj)
 .debug_info    0x0000ee1b      0xe9e bsp\libbsplib.a(sysport.c.obj)
 .debug_info    0x0000fcb9      0x3e7 bsp\libbsplib.a(h723_gpio.c.obj)
 .debug_info    0x000100a0      0x833 bsp\libbsplib.a(h723_tim.c.obj)
 .debug_info    0x000108d3      0x347 bsp\libbsplib.a(h723_usart.c.obj)
 .debug_info    0x00010c1a      0x3ab project\libprojectlib.a(control.c.obj)
 .debug_info    0x00010fc5      0x3a9 project\libprojectlib.a(pid.c.obj)
 .debug_info    0x0001136e      0xa35 project\libprojectlib.a(led.c.obj)
 .debug_info    0x00011da3      0xbd1 project\libprojectlib.a(tim.c.obj)
 .debug_info    0x00012974      0xb08 project\libprojectlib.a(usart.c.obj)

.debug_abbrev   0x00000000     0x3024
 .debug_abbrev  0x00000000      0x27a CMakeFiles/CBS.elf.dir/main.c.obj
 .debug_abbrev  0x0000027a       0x24 h723_core\libh723_corelib.a(startup_stm32h723xx.s.obj)
 .debug_abbrev  0x0000029e      0x457 h723_core\libh723_corelib.a(syscall.c.obj)
 .debug_abbrev  0x000006f5      0x157 h723_core\libh723_corelib.a(system_stm32h7xx.c.obj)
 .debug_abbrev  0x0000084c      0x2b5 h723_core\libh723_corelib.a(stm32h7xx_hal_pwr_ex.c.obj)
 .debug_abbrev  0x00000b01      0x294 h723_core\libh723_corelib.a(stm32h7xx_hal_rcc.c.obj)
 .debug_abbrev  0x00000d95      0x266 h723_core\libh723_corelib.a(stm32h7xx_hal_timebase_rtc_alarm_template.c.obj)
 .debug_abbrev  0x00000ffb      0x2c3 h723_core\libh723_corelib.a(stm32h7xx_hal.c.obj)
 .debug_abbrev  0x000012be      0x3ad h723_core\libh723_corelib.a(stm32h7xx_hal_cortex.c.obj)
 .debug_abbrev  0x0000166b      0x282 h723_core\libh723_corelib.a(stm32h7xx_hal_rcc_ex.c.obj)
 .debug_abbrev  0x000018ed      0x20e h723_core\libh723_corelib.a(stm32h7xx_hal_rtc.c.obj)
 .debug_abbrev  0x00001afb      0x23c h723_core\libh723_corelib.a(stm32h7xx_hal_rtc_ex.c.obj)
 .debug_abbrev  0x00001d37      0x420 bsp\libbsplib.a(Serial.c.obj)
 .debug_abbrev  0x00002157      0x281 bsp\libbsplib.a(sysport.c.obj)
 .debug_abbrev  0x000023d8      0x196 bsp\libbsplib.a(h723_gpio.c.obj)
 .debug_abbrev  0x0000256e      0x18e bsp\libbsplib.a(h723_tim.c.obj)
 .debug_abbrev  0x000026fc      0x153 bsp\libbsplib.a(h723_usart.c.obj)
 .debug_abbrev  0x0000284f      0x156 project\libprojectlib.a(control.c.obj)
 .debug_abbrev  0x000029a5      0x177 project\libprojectlib.a(pid.c.obj)
 .debug_abbrev  0x00002b1c      0x1a2 project\libprojectlib.a(led.c.obj)
 .debug_abbrev  0x00002cbe      0x1af project\libprojectlib.a(tim.c.obj)
 .debug_abbrev  0x00002e6d      0x1b7 project\libprojectlib.a(usart.c.obj)

.debug_aranges  0x00000000      0xb60
 .debug_aranges
                0x00000000       0x48 CMakeFiles/CBS.elf.dir/main.c.obj
 .debug_aranges
                0x00000048       0x28 h723_core\libh723_corelib.a(startup_stm32h723xx.s.obj)
 .debug_aranges
                0x00000070       0xd0 h723_core\libh723_corelib.a(syscall.c.obj)
 .debug_aranges
                0x00000140       0x30 h723_core\libh723_corelib.a(system_stm32h7xx.c.obj)
 .debug_aranges
                0x00000170      0x148 h723_core\libh723_corelib.a(stm32h7xx_hal_pwr_ex.c.obj)
 .debug_aranges
                0x000002b8       0x88 h723_core\libh723_corelib.a(stm32h7xx_hal_rcc.c.obj)
 .debug_aranges
                0x00000340       0x40 h723_core\libh723_corelib.a(stm32h7xx_hal_timebase_rtc_alarm_template.c.obj)
 .debug_aranges
                0x00000380      0x1c8 h723_core\libh723_corelib.a(stm32h7xx_hal.c.obj)
 .debug_aranges
                0x00000548       0xf8 h723_core\libh723_corelib.a(stm32h7xx_hal_cortex.c.obj)
 .debug_aranges
                0x00000640       0xf8 h723_core\libh723_corelib.a(stm32h7xx_hal_rcc_ex.c.obj)
 .debug_aranges
                0x00000738       0xc0 h723_core\libh723_corelib.a(stm32h7xx_hal_rtc.c.obj)
 .debug_aranges
                0x000007f8      0x130 h723_core\libh723_corelib.a(stm32h7xx_hal_rtc_ex.c.obj)
 .debug_aranges
                0x00000928       0xa8 bsp\libbsplib.a(Serial.c.obj)
 .debug_aranges
                0x000009d0       0x28 bsp\libbsplib.a(sysport.c.obj)
 .debug_aranges
                0x000009f8       0x50 bsp\libbsplib.a(h723_gpio.c.obj)
 .debug_aranges
                0x00000a48       0x28 bsp\libbsplib.a(h723_tim.c.obj)
 .debug_aranges
                0x00000a70       0x20 bsp\libbsplib.a(h723_usart.c.obj)
 .debug_aranges
                0x00000a90       0x28 project\libprojectlib.a(control.c.obj)
 .debug_aranges
                0x00000ab8       0x28 project\libprojectlib.a(pid.c.obj)
 .debug_aranges
                0x00000ae0       0x30 project\libprojectlib.a(led.c.obj)
 .debug_aranges
                0x00000b10       0x28 project\libprojectlib.a(tim.c.obj)
 .debug_aranges
                0x00000b38       0x28 project\libprojectlib.a(usart.c.obj)

.debug_rnglists
                0x00000000      0x8ed
 .debug_rnglists
                0x00000000       0x33 CMakeFiles/CBS.elf.dir/main.c.obj
 .debug_rnglists
                0x00000033       0x19 h723_core\libh723_corelib.a(startup_stm32h723xx.s.obj)
 .debug_rnglists
                0x0000004c       0x98 h723_core\libh723_corelib.a(syscall.c.obj)
 .debug_rnglists
                0x000000e4       0x21 h723_core\libh723_corelib.a(system_stm32h7xx.c.obj)
 .debug_rnglists
                0x00000105      0x125 h723_core\libh723_corelib.a(stm32h7xx_hal_pwr_ex.c.obj)
 .debug_rnglists
                0x0000022a       0xa9 h723_core\libh723_corelib.a(stm32h7xx_hal_rcc.c.obj)
 .debug_rnglists
                0x000002d3       0x2c h723_core\libh723_corelib.a(stm32h7xx_hal_timebase_rtc_alarm_template.c.obj)
 .debug_rnglists
                0x000002ff      0x153 h723_core\libh723_corelib.a(stm32h7xx_hal.c.obj)
 .debug_rnglists
                0x00000452       0xb5 h723_core\libh723_corelib.a(stm32h7xx_hal_cortex.c.obj)
 .debug_rnglists
                0x00000507       0xbf h723_core\libh723_corelib.a(stm32h7xx_hal_rcc_ex.c.obj)
 .debug_rnglists
                0x000005c6       0x93 h723_core\libh723_corelib.a(stm32h7xx_hal_rtc.c.obj)
 .debug_rnglists
                0x00000659       0xe5 h723_core\libh723_corelib.a(stm32h7xx_hal_rtc_ex.c.obj)
 .debug_rnglists
                0x0000073e       0xac bsp\libbsplib.a(Serial.c.obj)
 .debug_rnglists
                0x000007ea       0x19 bsp\libbsplib.a(sysport.c.obj)
 .debug_rnglists
                0x00000803       0x39 bsp\libbsplib.a(h723_gpio.c.obj)
 .debug_rnglists
                0x0000083c       0x1a bsp\libbsplib.a(h723_tim.c.obj)
 .debug_rnglists
                0x00000856       0x14 bsp\libbsplib.a(h723_usart.c.obj)
 .debug_rnglists
                0x0000086a       0x19 project\libprojectlib.a(control.c.obj)
 .debug_rnglists